Component: ARM Compiler 6.14 Tool: armlink [5db06800]

==============================================================================

Section Cross References

    startup_stm32f103xb.o(STACK) refers (Special) to heapauxi.o(.text) for __use_two_region_memory
    startup_stm32f103xb.o(HEAP) refers (Special) to heapauxi.o(.text) for __use_two_region_memory
    startup_stm32f103xb.o(RESET) refers (Special) to heapauxi.o(.text) for __use_two_region_memory
    startup_stm32f103xb.o(RESET) refers to startup_stm32f103xb.o(STACK) for __initial_sp
    startup_stm32f103xb.o(RESET) refers to startup_stm32f103xb.o(.text) for Reset_Handler
    startup_stm32f103xb.o(RESET) refers to stm32f1xx_it.o(.text.NMI_Handler) for NMI_Handler
    startup_stm32f103xb.o(RESET) refers to stm32f1xx_it.o(.text.HardFault_Handler) for HardFault_Handler
    startup_stm32f103xb.o(RESET) refers to stm32f1xx_it.o(.text.MemManage_Handler) for MemManage_Handler
    startup_stm32f103xb.o(RESET) refers to stm32f1xx_it.o(.text.BusFault_Handler) for BusFault_Handler
    startup_stm32f103xb.o(RESET) refers to stm32f1xx_it.o(.text.UsageFault_Handler) for UsageFault_Handler
    startup_stm32f103xb.o(RESET) refers to stm32f1xx_it.o(.text.SVC_Handler) for SVC_Handler
    startup_stm32f103xb.o(RESET) refers to stm32f1xx_it.o(.text.DebugMon_Handler) for DebugMon_Handler
    startup_stm32f103xb.o(RESET) refers to stm32f1xx_it.o(.text.PendSV_Handler) for PendSV_Handler
    startup_stm32f103xb.o(RESET) refers to stm32f1xx_it.o(.text.SysTick_Handler) for SysTick_Handler
    startup_stm32f103xb.o(RESET) refers to stm32f1xx_it.o(.text.DMA1_Channel2_IRQHandler) for DMA1_Channel2_IRQHandler
    startup_stm32f103xb.o(RESET) refers to stm32f1xx_it.o(.text.DMA1_Channel3_IRQHandler) for DMA1_Channel3_IRQHandler
    startup_stm32f103xb.o(RESET) refers to stm32f1xx_it.o(.text.DMA1_Channel4_IRQHandler) for DMA1_Channel4_IRQHandler
    startup_stm32f103xb.o(RESET) refers to stm32f1xx_it.o(.text.DMA1_Channel5_IRQHandler) for DMA1_Channel5_IRQHandler
    startup_stm32f103xb.o(RESET) refers to stm32f1xx_it.o(.text.DMA1_Channel6_IRQHandler) for DMA1_Channel6_IRQHandler
    startup_stm32f103xb.o(RESET) refers to stm32f1xx_it.o(.text.DMA1_Channel7_IRQHandler) for DMA1_Channel7_IRQHandler
    startup_stm32f103xb.o(RESET) refers to stm32f1xx_it.o(.text.TIM2_IRQHandler) for TIM2_IRQHandler
    startup_stm32f103xb.o(RESET) refers to stm32f1xx_it.o(.text.SPI1_IRQHandler) for SPI1_IRQHandler
    startup_stm32f103xb.o(RESET) refers to stm32f1xx_it.o(.text.USART1_IRQHandler) for USART1_IRQHandler
    startup_stm32f103xb.o(RESET) refers to stm32f1xx_it.o(.text.USART2_IRQHandler) for USART2_IRQHandler
    startup_stm32f103xb.o(.text) refers (Special) to heapauxi.o(.text) for __use_two_region_memory
    startup_stm32f103xb.o(.text) refers to system_stm32f1xx.o(.text.SystemInit) for SystemInit
    startup_stm32f103xb.o(.text) refers to __main.o(!!!main) for __main
    startup_stm32f103xb.o(.text) refers to startup_stm32f103xb.o(HEAP) for Heap_Mem
    startup_stm32f103xb.o(.text) refers to startup_stm32f103xb.o(STACK) for Stack_Mem
    data_exchange.o(.text) refers (Special) to _printf_d.o(.ARM.Collect$$_printf_percent$$00000009) for _printf_d
    data_exchange.o(.text) refers (Special) to _printf_dec.o(.text) for _printf_int_dec
    data_exchange.o(.text) refers (Special) to _printf_percent.o(.ARM.Collect$$_printf_percent$$00000000) for _printf_percent
    data_exchange.o(.text) refers (Special) to _printf_pad.o(.text) for _printf_pre_padding
    data_exchange.o(.text) refers (Special) to _printf_u.o(.ARM.Collect$$_printf_percent$$0000000A) for _printf_u
    data_exchange.o(.text.data_engine_init) refers (Special) to _printf_d.o(.ARM.Collect$$_printf_percent$$00000009) for _printf_d
    data_exchange.o(.text.data_engine_init) refers (Special) to _printf_dec.o(.text) for _printf_int_dec
    data_exchange.o(.text.data_engine_init) refers (Special) to _printf_percent.o(.ARM.Collect$$_printf_percent$$00000000) for _printf_percent
    data_exchange.o(.text.data_engine_init) refers (Special) to _printf_pad.o(.text) for _printf_pre_padding
    data_exchange.o(.text.data_engine_init) refers (Special) to _printf_u.o(.ARM.Collect$$_printf_percent$$0000000A) for _printf_u
    data_exchange.o(.text.data_engine_init) refers to data_exchange.o(.bss..L_MergedGlobals) for .L_MergedGlobals
    data_exchange.o(.text.data_engine_init) refers to usart.o(.bss.huart1) for huart1
    data_exchange.o(.text.data_engine_init) refers to stm32f1xx_hal_uart.o(.text.HAL_UARTEx_ReceiveToIdle_DMA) for HAL_UARTEx_ReceiveToIdle_DMA
    data_exchange.o(.text.data_engine_init) refers to usart.o(.bss.huart2) for huart2
    data_exchange.o(.text.data_engine_init) refers to data_exchange.o(.bss.RxBuf2) for RxBuf2
    data_exchange.o(.text.data_engine_init) refers to usart.o(.bss.hdma_usart2_rx) for hdma_usart2_rx
[...]
    HAL_SYSTICK_Config                       0x08002ccd   Thumb Code    44  stm32f1xx_hal_cortex.o(.text.HAL_SYSTICK_Config)
    HAL_TIMEx_BreakCallback                  0x08002cf9   Thumb Code     2  stm32f1xx_hal_tim_ex.o(.text.HAL_TIMEx_BreakCallback)
    HAL_TIMEx_CommutCallback                 0x08002cfd   Thumb Code     2  stm32f1xx_hal_tim_ex.o(.text.HAL_TIMEx_CommutCallback)
    HAL_TIMEx_MasterConfigSynchronization    0x08002d01   Thumb Code   126  stm32f1xx_hal_tim_ex.o(.text.HAL_TIMEx_MasterConfigSynchronization)
    HAL_TIM_Base_Init                        0x08002d81   Thumb Code   234  stm32f1xx_hal_tim.o(.text.HAL_TIM_Base_Init)
    HAL_TIM_Base_MspInit                     0x08002e6d   Thumb Code    64  tim.o(.text.HAL_TIM_Base_MspInit)
    HAL_TIM_Base_Start_IT                    0x08002ead   Thumb Code   110  stm32f1xx_hal_tim.o(.text.HAL_TIM_Base_Start_IT)
    HAL_TIM_ConfigClockSource                0x08002f1d   Thumb Code   412  stm32f1xx_hal_tim.o(.text.HAL_TIM_ConfigClockSource)
    HAL_TIM_IC_CaptureCallback               0x080030b9   Thumb Code     2  stm32f1xx_hal_tim.o(.text.HAL_TIM_IC_CaptureCallback)
    HAL_TIM_IRQHandler                       0x080030bd   Thumb Code   362  stm32f1xx_hal_tim.o(.text.HAL_TIM_IRQHandler)
    HAL_TIM_OC_DelayElapsedCallback          0x08003229   Thumb Code     2  stm32f1xx_hal_tim.o(.text.HAL_TIM_OC_DelayElapsedCallback)
    HAL_TIM_PWM_PulseFinishedCallback        0x0800322d   Thumb Code     2  stm32f1xx_hal_tim.o(.text.HAL_TIM_PWM_PulseFinishedCallback)
    HAL_TIM_PeriodElapsedCallback            0x08003231   Thumb Code     2  tim_services.o(.text.HAL_TIM_PeriodElapsedCallback)
    HAL_TIM_TriggerCallback                  0x08003235   Thumb Code     2  stm32f1xx_hal_tim.o(.text.HAL_TIM_TriggerCallback)
    HAL_UARTEx_ReceiveToIdle_DMA             0x08003239   Thumb Code   480  stm32f1xx_hal_uart.o(.text.HAL_UARTEx_ReceiveToIdle_DMA)
    HAL_UARTEx_RxEventCallback               0x08003419   Thumb Code   406  data_exchange.o(.text.HAL_UARTEx_RxEventCallback)
    HAL_UART_DMAStop                         0x080035b1   Thumb Code   540  stm32f1xx_hal_uart.o(.text.HAL_UART_DMAStop)
    HAL_UART_DeInit                          0x080037cd   Thumb Code    56  stm32f1xx_hal_uart.o(.text.HAL_UART_DeInit)
    HAL_UART_ErrorCallback                   0x08003805   Thumb Code   256  data_exchange.o(.text.HAL_UART_ErrorCallback)
    HAL_UART_IRQHandler                      0x08003905   Thumb Code  1384  stm32f1xx_hal_uart.o(.text.HAL_UART_IRQHandler)
    HAL_UART_Init                            0x08003e6d   Thumb Code   220  stm32f1xx_hal_uart.o(.text.HAL_UART_Init)
    HAL_UART_MspDeInit                       0x08003f49   Thumb Code   110  usart.o(.text.HAL_UART_MspDeInit)
    HAL_UART_MspInit                         0x08003fb9   Thumb Code   482  usart.o(.text.HAL_UART_MspInit)
    HAL_UART_RxCpltCallback                  0x0800419d   Thumb Code     2  stm32f1xx_hal_uart.o(.text.HAL_UART_RxCpltCallback)
    HAL_UART_RxHalfCpltCallback              0x080041a1   Thumb Code     2  stm32f1xx_hal_uart.o(.text.HAL_UART_RxHalfCpltCallback)
    HAL_UART_Transmit                        0x080041a5   Thumb Code   692  stm32f1xx_hal_uart.o(.text.HAL_UART_Transmit)
    HAL_UART_Transmit_DMA                    0x08004459   Thumb Code   200  stm32f1xx_hal_uart.o(.text.HAL_UART_Transmit_DMA)
    HAL_UART_TxCpltCallback                  0x08004521   Thumb Code    60  data_exchange.o(.text.HAL_UART_TxCpltCallback)
    HAL_UART_TxHalfCpltCallback              0x0800455d   Thumb Code     2  stm32f1xx_hal_uart.o(.text.HAL_UART_TxHalfCpltCallback)
    HardFault_Handler                        0x08004561   Thumb Code     2  stm32f1xx_it.o(.text.HardFault_Handler)
    MX_CRC_Init                              0x08004565   Thumb Code    38  crc.o(.text.MX_CRC_Init)
    MX_DMA_Init                              0x0800458d   Thumb Code   132  dma.o(.text.MX_DMA_Init)
    MX_GPIO_Init                             0x08004611   Thumb Code   324  gpio.o(.text.MX_GPIO_Init)
    MX_I2C1_Init                             0x08004755   Thumb Code    66  i2c.o(.text.MX_I2C1_Init)
    MX_SPI1_Init                             0x08004799   Thumb Code    76  spi.o(.text.MX_SPI1_Init)
    MX_TIM2_Init                             0x080047e5   Thumb Code   122  tim.o(.text.MX_TIM2_Init)
    MX_USART1_UART_Init                      0x08004861   Thumb Code    60  usart.o(.text.MX_USART1_UART_Init)
    MX_USART2_UART_Init                      0x0800489d   Thumb Code    60  usart.o(.text.MX_USART2_UART_Init)
    MemManage_Handler                        0x080048d9   Thumb Code     2  stm32f1xx_it.o(.text.MemManage_Handler)
    NMI_Handler                              0x080048dd   Thumb Code     2  stm32f1xx_it.o(.text.NMI_Handler)
    PendSV_Handler                           0x080048e1   Thumb Code     2  stm32f1xx_it.o(.text.PendSV_Handler)
    Reset_System                             0x080048e5   Thumb Code   164  protocol.o(.text.Reset_System)
    SPI1_IRQHandler                          0x08004989   Thumb Code    12  stm32f1xx_it.o(.text.SPI1_IRQHandler)
    SVC_Handler                              0x08004c45   Thumb Code     2  stm32f1xx_it.o(.text.SVC_Handler)
    SysTick_Handler                          0x08004c49   Thumb Code   120  stm32f1xx_it.o(.text.SysTick_Handler)
    SystemInit                               0x08004cc1   Thumb Code     2  system_stm32f1xx.o(.text.SystemInit)
    TIM2_IRQHandler                          0x08004cc5   Thumb Code    12  stm32f1xx_it.o(.text.TIM2_IRQHandler)
    Tx2Lower                                 0x08004cd1   Thumb Code   110  protocol.o(.text.Tx2Lower)
    USART1_IRQHandler                        0x080051f5   Thumb Code    12  stm32f1xx_it.o(.text.USART1_IRQHandler)
    USART2_IRQHandler                        0x08005201   Thumb Code    12  stm32f1xx_it.o(.text.USART2_IRQHandler)
    UsageFault_Handler                       0x0800520d   Thumb Code     2  stm32f1xx_it.o(.text.UsageFault_Handler)
    W5500_CRIS_ENTER                         0x08005211   Thumb Code     2  network.o(.text.W5500_CRIS_ENTER)
    W5500_CRIS_EXIT                          0x08005215   Thumb Code     2  network.o(.text.W5500_CRIS_EXIT)
    W5500_ReadBuff                           0x08005219   Thumb Code    50  network.o(.text.W5500_ReadBuff)
    W5500_ReadByte                           0x0800524d   Thumb Code    44  network.o(.text.W5500_ReadByte)
    W5500_Select                             0x08005279   Thumb Code    36  network.o(.text.W5500_Select)
    W5500_Unselect                           0x0800529d   Thumb Code    36  network.o(.text.W5500_Unselect)
    W5500_WriteBuff                          0x080052c1   Thumb Code    50  network.o(.text.W5500_WriteBuff)
    W5500_WriteByte                          0x080052f5   Thumb Code    44  network.o(.text.W5500_WriteByte)
    WIZCHIP_READ                             0x08005321   Thumb Code    98  w5500.o(.text.WIZCHIP_READ)
    WIZCHIP_READ_BUF                         0x08005385   Thumb Code   120  w5500.o(.text.WIZCHIP_READ_BUF)
    WIZCHIP_WRITE                            0x080053fd   Thumb Code   100  w5500.o(.text.WIZCHIP_WRITE)
    WIZCHIP_WRITE_BUF                        0x08005461   Thumb Code   126  w5500.o(.text.WIZCHIP_WRITE_BUF)
    clear_zeros                              0x08005529   Thumb Code    24  data_exchange.o(.text.clear_zeros)
    close                                    0x08005541   Thumb Code   116  socket.o(.text.close)
    ctlnetwork                               0x080055b5   Thumb Code   306  wizchip_conf.o(.text.ctlnetwork)
    data_engine                              0x080056e9   Thumb Code  1152  data_exchange.o(.text.data_engine)
    data_engine_init                         0x08005b69   Thumb Code   122  data_exchange.o(.text.data_engine_init)
    disconnect                               0x08005be5   Thumb Code   246  socket.o(.text.disconnect)
    flash_erase_sec                          0x08005cdd   Thumb Code    50  flash.o(.text.flash_erase_sec)
    flash_write                              0x08005d11   Thumb Code    74  flash.o(.text.flash_write)
    getSn_RX_RSR                             0x08005d5d   Thumb Code   378  w5500.o(.text.getSn_RX_RSR)
    getSn_TX_FSR                             0x08005ed9   Thumb Code   466  w5500.o(.text.getSn_TX_FSR)
    leds_init                                0x080060ad   Thumb Code    60  leds.o(.text.leds_init)
    listen                                   0x080060e9   Thumb Code   194  socket.o(.text.listen)
    main                                     0x080061ad   Thumb Code   246  main.o(.text.main)
    motor1_off                               0x080062a5   Thumb Code    34  relays.o(.text.motor1_off)
    motor1_on                                0x080062c9   Thumb Code   148  relays.o(.text.motor1_on)
    motor2_off                               0x0800635d   Thumb Code    46  relays.o(.text.motor2_off)
    motor2_on                                0x0800638d   Thumb Code   132  relays.o(.text.motor2_on)
    motor3_off                               0x08006411   Thumb Code    18  relays.o(.text.motor3_off)
    motor3_on                                0x08006425   Thumb Code    18  relays.o(.text.motor3_on)
    motor4_off                               0x08006439   Thumb Code    18  relays.o(.text.motor4_off)
    motor4_on                                0x0800644d   Thumb Code    18  relays.o(.text.motor4_on)
    motorx1_on                               0x08006461   Thumb Code   148  relays.o(.text.motorx1_on)
    motorx2_on                               0x080064f5   Thumb Code   132  relays.o(.text.motorx2_on)
    net_GetString                            0x08006579   Thumb Code    54  network.o(.text.net_GetString)
    net_SendString                           0x080065b1   Thumb Code   130  network.o(.text.net_SendString)
    net_engine                               0x08006635   Thumb Code   294  network.o(.text.net_engine)
    net_init                                 0x0800675d   Thumb Code   190  network.o(.text.net_init)
    parse_engine                             0x0800681d   Thumb Code  6124  protocol.o(.text.parse_engine)
    protocol_Engine                          0x08008009   Thumb Code   222  protocol.o(.text.protocol_Engine)
    recv                                     0x080080e9   Thumb Code   416  socket.o(.text.recv)
    recv_buffer_processing                   0x08008289   Thumb Code   364  protocol.o(.text.recv_buffer_processing)
    reg_wizchip_cris_cbfunc                  0x080083f5   Thumb Code    56  wizchip_conf.o(.text.reg_wizchip_cris_cbfunc)
    reg_wizchip_cs_cbfunc                    0x0800842d   Thumb Code    56  wizchip_conf.o(.text.reg_wizchip_cs_cbfunc)
    reg_wizchip_spi_cbfunc                   0x08008465   Thumb Code    66  wizchip_conf.o(.text.reg_wizchip_spi_cbfunc)
    reg_wizchip_spiburst_cbfunc              0x080084a9   Thumb Code    66  wizchip_conf.o(.text.reg_wizchip_spiburst_cbfunc)
    relays_engine                            0x080084ed   Thumb Code   312  relays.o(.text.relays_engine)
    relays_init                              0x08008625   Thumb Code   124  relays.o(.text.relays_init)
    send                                     0x080086a1   Thumb Code   492  socket.o(.text.send)
    show_configs                             0x0800888d   Thumb Code   464  protocol.o(.text.show_configs)
    socket                                   0x08008a5d   Thumb Code   416  socket.o(.text.socket)
    sysconf_checkdata                        0x08008bfd   Thumb Code    70  sys_conf.o(.text.sysconf_checkdata)
    sysconf_read                             0x08008c45   Thumb Code    48  sys_conf.o(.text.sysconf_read)
    sysconf_write                            0x08008c75   Thumb Code    38  sys_conf.o(.text.sysconf_write)
    sysconf_write_defaults                   0x08008c9d   Thumb Code   156  sys_conf.o(.text.sysconf_write_defaults)
    tim_init                                 0x08008d39   Thumb Code    22  tim_services.o(.text.tim_init)
    wiz_recv_data                            0x08008d51   Thumb Code   496  w5500.o(.text.wiz_recv_data)
    wiz_send_data                            0x08008f41   Thumb Code   496  w5500.o(.text.wiz_send_data)
    wizchip_bus_readdata                     0x08009131   Thumb Code     4  wizchip_conf.o(.text.wizchip_bus_readdata)
    wizchip_bus_writedata                    0x08009135   Thumb Code     4  wizchip_conf.o(.text.wizchip_bus_writedata)
    wizchip_cris_enter                       0x08009139   Thumb Code     2  wizchip_conf.o(.text.wizchip_cris_enter)
    wizchip_cris_exit                        0x0800913d   Thumb Code     2  wizchip_conf.o(.text.wizchip_cris_exit)
    wizchip_cs_deselect                      0x08009141   Thumb Code     2  wizchip_conf.o(.text.wizchip_cs_deselect)
    wizchip_cs_select                        0x08009145   Thumb Code     2  wizchip_conf.o(.text.wizchip_cs_select)
    wizchip_init                             0x08009149   Thumb Code   386  wizchip_conf.o(.text.wizchip_init)
    wizchip_setnetinfo                       0x080092cd   Thumb Code    84  wizchip_conf.o(.text.wizchip_setnetinfo)
    wizchip_spi_readburst                    0x08009321   Thumb Code     2  wizchip_conf.o(.text.wizchip_spi_readburst)
    wizchip_spi_readbyte                     0x08009325   Thumb Code     4  wizchip_conf.o(.text.wizchip_spi_readbyte)
    wizchip_spi_writeburst                   0x08009329   Thumb Code     2  wizchip_conf.o(.text.wizchip_spi_writeburst)
    wizchip_spi_writebyte                    0x0800932d   Thumb Code     2  wizchip_conf.o(.text.wizchip_spi_writebyte)
    wizchip_sw_reset                         0x08009331   Thumb Code   128  wizchip_conf.o(.text.wizchip_sw_reset)
    zeros                                    0x080093b1   Thumb Code    90  data_exchange.o(.text.zeros)
    _is_digit                                0x0800940b   Thumb Code    14  __printf_wp.o(i._is_digit)
    _get_lc_ctype                            0x08009419   Thumb Code    44  lc_ctype_c.o(locale$$code)
    AHBPrescTable                            0x08009489   Data          16  system_stm32f1xx.o(.rodata.AHBPrescTable)
    APBPrescTable                            0x08009499   Data           8  system_stm32f1xx.o(.rodata.APBPrescTable)
    str0                                     0x080094b3   Data           5  protocol.o(.rodata.str0)
    str1                                     0x080094b8   Data          12  protocol.o(.rodata.str1)
    str100                                   0x080095c5   Data          20  protocol.o(.rodata.str100)
    str11                                    0x080095d9   Data          16  protocol.o(.rodata.str11)
    str110                                   0x080095e9   Data          23  protocol.o(.rodata.str110)
    str12                                    0x08009600   Data          17  protocol.o(.rodata.str12)
    str16                                    0x08009611   Data          17  protocol.o(.rodata.str16)
    str160                                   0x08009622   Data          17  protocol.o(.rodata.str160)
    str17                                    0x08009633   Data          20  protocol.o(.rodata.str17)
    str170                                   0x08009647   Data          20  protocol.o(.rodata.str170)
    str18                                    0x0800965b   Data          17  protocol.o(.rodata.str18)
    str180                                   0x0800966c   Data          19  protocol.o(.rodata.str180)
    str19                                    0x0800967f   Data          20  protocol.o(.rodata.str19)
    str190                                   0x08009693   Data          22  protocol.o(.rodata.str190)
    str1r                                    0x080096a9   Data          18  protocol.o(.rodata.str1r)
    str2                                     0x080096bb   Data          16  protocol.o(.rodata.str2)
    str20                                    0x080096cb   Data          17  protocol.o(.rodata.str20)
    str200                                   0x080096dc   Data          17  protocol.o(.rodata.str200)
    str22                                    0x080096ed   Data          14  protocol.o(.rodata.str22)
    str220                                   0x080096fb   Data          16  protocol.o(.rodata.str220)
    str23                                    0x0800970b   Data          17  protocol.o(.rodata.str23)
    str24                                    0x0800971c   Data          15  protocol.o(.rodata.str24)
    str25                                    0x0800972b   Data          14  protocol.o(.rodata.str25)
    str250                                   0x08009739   Data          19  protocol.o(.rodata.str250)
    str251                                   0x0800974c   Data          14  protocol.o(.rodata.str251)
    str252                                   0x0800975a   Data          14  protocol.o(.rodata.str252)
    str253                                   0x08009768   Data          14  protocol.o(.rodata.str253)
    str254                                   0x08009776   Data          14  protocol.o(.rodata.str254)
    str255                                   0x08009784   Data          14  protocol.o(.rodata.str255)
    str256                                   0x08009792   Data          14  protocol.o(.rodata.str256)
    str26                                    0x080097a0   Data          17  protocol.o(.rodata.str26)
    str27                                    0x080097b1   Data          15  protocol.o(.rodata.str27)
    str28                                    0x080097c0   Data          21  protocol.o(.rodata.str28)
    str29                                    0x080097d5   Data          24  protocol.o(.rodata.str29)
    str3                                     0x080097ed   Data          17  protocol.o(.rodata.str3)
    str30                                    0x080097fe   Data          21  protocol.o(.rodata.str30)
    str31                                    0x08009813   Data          24  protocol.o(.rodata.str31)
    str32                                    0x0800982b   Data          20  protocol.o(.rodata.str32)
    str33                                    0x0800983f   Data          21  protocol.o(.rodata.str33)
    str34                                    0x08009854   Data          24  protocol.o(.rodata.str34)
    str35                                    0x0800986c   Data          21  protocol.o(.rodata.str35)
    str36                                    0x08009881   Data          24  protocol.o(.rodata.str36)
    str37                                    0x08009899   Data          20  protocol.o(.rodata.str37)
    str38                                    0x080098ad   Data          22  protocol.o(.rodata.str38)
    str39                                    0x080098c3   Data          19  protocol.o(.rodata.str39)
    str4                                     0x080098d6   Data          16  protocol.o(.rodata.str4)
    str40                                    0x080098e6   Data          20  protocol.o(.rodata.str40)
    str41                                    0x080098fa   Data          24  protocol.o(.rodata.str41)
    str42                                    0x08009914   Data          22  protocol.o(.rodata.str42)
    str43                                    0x0800992a   Data          22  protocol.o(.rodata.str43)
    str44                                    0x08009940   Data          19  protocol.o(.rodata.str44)
    str45                                    0x08009953   Data          20  protocol.o(.rodata.str45)
    str46                                    0x08009967   Data          24  protocol.o(.rodata.str46)
    str47                                    0x08009980   Data          22  protocol.o(.rodata.str47)
    str48                                    0x08009996   Data          16  protocol.o(.rodata.str48)
    str49                                    0x080099a6   Data          19  protocol.o(.rodata.str49)
    str5                                     0x080099b9   Data          16  protocol.o(.rodata.str5)
    str50                                    0x080099c9   Data          19  protocol.o(.rodata.str50)
    str51                                    0x080099dc   Data          22  protocol.o(.rodata.str51)
    str52                                    0x080099f2   Data          16  protocol.o(.rodata.str52)
    str53                                    0x08009a02   Data          19  protocol.o(.rodata.str53)
    str54                                    0x08009a15   Data          19  protocol.o(.rodata.str54)
    str55                                    0x08009a28   Data          20  protocol.o(.rodata.str55)
    str56                                    0x08009a3c   Data          19  protocol.o(.rodata.str56)
    str57                                    0x08009a4f   Data          14  protocol.o(.rodata.str57)
    str58                                    0x08009a5d   Data          15  protocol.o(.rodata.str58)
    str59                                    0x08009a6c   Data          14  protocol.o(.rodata.str59)
    str6                                     0x08009a7a   Data          17  protocol.o(.rodata.str6)
    str60                                    0x08009a8b   Data          15  protocol.o(.rodata.str60)
    str61                                    0x08009a9a   Data          16  protocol.o(.rodata.str61)
    str62                                    0x08009aaa   Data          15  protocol.o(.rodata.str62)
    str66                                    0x08009ab9   Data          11  protocol.o(.rodata.str66)
    str67                                    0x08009ac4   Data          11  protocol.o(.rodata.str67)
    str68                                    0x08009acf   Data          15  protocol.o(.rodata.str68)
    str69                                    0x08009ade   Data          11  protocol.o(.rodata.str69)
    str7                                     0x08009ae9   Data          16  protocol.o(.rodata.str7)
    str70                                    0x08009af9   Data          11  protocol.o(.rodata.str70)
    str71                                    0x08009b04   Data          15  protocol.o(.rodata.str71)
    str73                                    0x08009b13   Data          11  protocol.o(.rodata.str73)
    str74                                    0x08009b1e   Data          15  protocol.o(.rodata.str74)
    str75                                    0x08009b2d   Data          11  protocol.o(.rodata.str75)
    str76                                    0x08009b38   Data          11  protocol.o(.rodata.str76)
    str77                                    0x08009b43   Data          15  protocol.o(.rodata.str77)
    str78                                    0x08009b52   Data          12  protocol.o(.rodata.str78)
    str8                                     0x08009b5e   Data          16  protocol.o(.rodata.str8)
    str9                                     0x08009b6e   Data          17  protocol.o(.rodata.str9)
    strVersion                               0x08009b7f   Data          24  protocol.o(.rodata.strVersion)
    Region$$Table$$Base                      0x08009b98   Number         0  anon$$obj.o(Region$$Table)
    Region$$Table$$Limit                     0x08009bb8   Number         0  anon$$obj.o(Region$$Table)
    __ctype                                  0x08009bc5   Data           0  lc_ctype_c.o(locale$$data)
    uwTickFreq                               0x20000000   Data           1  stm32f1xx_hal.o(.data..L_MergedGlobals)
    uwTickPrio                               0x20000004   Data           4  stm32f1xx_hal.o(.data..L_MergedGlobals)
    SystemCoreClock                          0x20000008   Data           4  system_stm32f1xx.o(.data.SystemCoreClock)
    TimePackPeriod                           0x2000000c   Data           4  data_exchange.o(.data.TimePackPeriod)
    WIZCHIP                                  0x20000010   Data          44  wizchip_conf.o(.data.WIZCHIP)
    gWIZNETINFO                              0x2000003c   Data          23  network.o(.data.gWIZNETINFO)
    keepaliveperiod                          0x20000054   Data           4  protocol.o(.data.keepaliveperiod)
    __libspace_start                         0x20000060   Data          96  libspace.o(.bss)
    PackTimer                                0x200000c0   Data           4  data_exchange.o(.bss..L_MergedGlobals)
    __temporary_stack_top$libspace           0x200000c0   Data           0  libspace.o(.bss)
    kTimePack                                0x200000c4   Data           4  data_exchange.o(.bss..L_MergedGlobals)
    TimePack                                 0x200000c8   Data           4  data_exchange.o(.bss..L_MergedGlobals)
    cntPack                                  0x200000cc   Data           4  data_exchange.o(.bss..L_MergedGlobals)
    oldPos                                   0x200000d0   Data           4  data_exchange.o(.bss..L_MergedGlobals)
    newPos                                   0x200000d4   Data           4  data_exchange.o(.bss..L_MergedGlobals)
    flaq_recebido                            0x200000d8   Data           4  data_exchange.o(.bss..L_MergedGlobals)
    flaq_recebido2                           0x200000dc   Data           4  data_exchange.o(.bss..L_MergedGlobals)
    txPackFlag                               0x200000e0   Data           4  data_exchange.o(.bss..L_MergedGlobals)
    txPackPeriod                             0x200000e4   Data           4  data_exchange.o(.bss..L_MergedGlobals)
    dtpack                                   0x200000e8   Data           4  data_exchange.o(.bss..L_MergedGlobals)
    comm_timer                               0x200000ec   Data           4  data_exchange.o(.bss..L_MergedGlobals)
    rx2len                                   0x200000f0   Data           4  data_exchange.o(.bss..L_MergedGlobals)
    zero                                     0x200000f4   Data          24  data_exchange.o(.bss..L_MergedGlobals)
    RxBuf                                    0x2000010c   Data          26  data_exchange.o(.bss..L_MergedGlobals)
    flagtx                                   0x20000128   Data           2  protocol.o(.bss..L_MergedGlobals)
    keepalive                                0x2000012c   Data           4  protocol.o(.bss..L_MergedGlobals)
    err                                      0x20000130   Data           4  protocol.o(.bss..L_MergedGlobals)
    x                                        0x20000134   Data           4  protocol.o(.bss..L_MergedGlobals)
    klogicneg                                0x20000138   Data           4  protocol.o(.bss..L_MergedGlobals)
    pack_time                                0x2000013c   Data           4  protocol.o(.bss..L_MergedGlobals)
    susp_delay                               0x20000140   Data           4  protocol.o(.bss..L_MergedGlobals)
    susp_samples                             0x20000144   Data           4  protocol.o(.bss..L_MergedGlobals)
    susp_cnt_samples                         0x20000148   Data           4  protocol.o(.bss..L_MergedGlobals)
    kdiag                                    0x2000014c   Data           4  protocol.o(.bss..L_MergedGlobals)
    kpacket                                  0x20000150   Data           4  protocol.o(.bss..L_MergedGlobals)
    ksposl                                   0x20000154   Data           4  protocol.o(.bss..L_MergedGlobals)
    ksposr                                   0x20000158   Data           4  protocol.o(.bss..L_MergedGlobals)
    ksspdl                                   0x2000015c   Data           4  protocol.o(.bss..L_MergedGlobals)
    ksspdr                                   0x20000160   Data           4  protocol.o(.bss..L_MergedGlobals)
    sys_error                                0x20000164   Data           4  protocol.o(.bss..L_MergedGlobals)
    ux                                       0x20000168   Data           4  protocol.o(.bss..L_MergedGlobals)
    rxxmsg                                   0x2000016c   Data           4  protocol.o(.bss..L_MergedGlobals)
    rxlen                                    0x20000170   Data           4  protocol.o(.bss..L_MergedGlobals)
    recv_buffer_len                          0x20000174   Data           4  protocol.o(.bss..L_MergedGlobals)
    ptrx                                     0x20000178   Data           4  protocol.o(.bss..L_MergedGlobals)
    arg1                                     0x2000017c   Data           4  protocol.o(.bss..L_MergedGlobals)
    strini                                   0x20000180   Data           4  protocol.o(.bss..L_MergedGlobals)
    arg2                                     0x20000184   Data           4  protocol.o(.bss..L_MergedGlobals)
    tmp                                      0x20000188   Data          16  protocol.o(.bss..L_MergedGlobals)
    u                                        0x20000198   Data           1  network.o(.bss..L_MergedGlobals)
    stat                                     0x20000199   Data           1  network.o(.bss..L_MergedGlobals)
    ix                                       0x2000019a   Data           1  network.o(.bss..L_MergedGlobals)
    INTERFACE                                0x2000019c   Data           4  network.o(.bss..L_MergedGlobals)
    net_state                                0x200001a0   Data          16  network.o(.bss..L_MergedGlobals)
    delay_motor_time                         0x200001b0   Data           4  relays.o(.bss..L_MergedGlobals)
    delay_motor_value                        0x200001b4   Data           4  relays.o(.bss..L_MergedGlobals)
    cfg                                      0x200001b8   Data           4  sys_conf.o(.bss..L_MergedGlobals)
    cfgx                                     0x200001bc   Data         112  sys_conf.o(.bss..L_MergedGlobals)
    sock_pack_info                           0x20000230   Data           8  socket.o(.bss..L_MergedGlobals)
    MainBuf                                  0x200002a4   Data         256  data_exchange.o(.bss.MainBuf)
    MainBuf2                                 0x200003a4   Data        1024  data_exchange.o(.bss.MainBuf2)
    RxBuf2                                   0x200007a4   Data         256  data_exchange.o(.bss.RxBuf2)
    cmd_buffer                               0x200008a4   Data         128  protocol.o(.bss.cmd_buffer)
    datarex                                  0x20000924   Data          26  data_exchange.o(.bss.datarex)
    hcrc                                     0x20000940   Data           8  crc.o(.bss.hcrc)
    hdma_spi1_rx                             0x20000948   Data          68  spi.o(.bss.hdma_spi1_rx)
    hdma_spi1_tx                             0x2000098c   Data          68  spi.o(.bss.hdma_spi1_tx)
    hdma_usart1_rx                           0x200009d0   Data          68  usart.o(.bss.hdma_usart1_rx)
    hdma_usart1_tx                           0x20000a14   Data          68  usart.o(.bss.hdma_usart1_tx)
    hdma_usart2_rx                           0x20000a58   Data          68  usart.o(.bss.hdma_usart2_rx)
    hdma_usart2_tx                           0x20000a9c   Data          68  usart.o(.bss.hdma_usart2_tx)
    hi2c1                                    0x20000ae0   Data          84  i2c.o(.bss.hi2c1)
    hspi1                                    0x20000b34   Data          88  spi.o(.bss.hspi1)
    htim2                                    0x20000b8c   Data          72  tim.o(.bss.htim2)
    huart1                                   0x20000bd4   Data          72  usart.o(.bss.huart1)
    huart2                                   0x20000c1c   Data          72  usart.o(.bss.huart2)
    pFlash                                   0x20000c68   Data          32  stm32f1xx_hal_flash.o(.bss.pFlash)
    recv_buffer                              0x20000d88   Data         128  protocol.o(.bss.recv_buffer)
    spi_free                                 0x20000f08   Data           4  network.o(.bss.spi_free)
    uwTick                                   0x20000f0c   Data           4  stm32f1xx_hal.o(.bss.uwTick)



==============================================================================

Memory Map of the image

  Image Entry point : 0x080000ed

  Load Region LR_IROM1 (Base: 0x08000000, Size: 0x00009d28, Max: 0x00020000, ABSOLUTE)

    Execution Region ER_IROM1 (Exec base: 0x08000000, Load base: 0x08000000, Size: 0x00009cc8, Max: 0x00020000, ABSOLUTE)

    Exec Addr    Load Addr    Size         Type   Attr      Idx    E Section Name        Object

    0x08000000   0x08000000   0x000000ec   Data   RO            3    RESET               startup_stm32f103xb.o
    0x080000ec   0x080000ec   0x00000008   Code   RO         1786  * !!!main             c_w.l(__main.o)
    0x080000f4   0x080000f4   0x00000034   Code   RO         1981    !!!scatter          c_w.l(__scatter.o)
    0x08000128   0x08000128   0x0000001a   Code   RO         1983    !!handler_copy      c_w.l(__scatter_copy.o)
    0x08000142   0x08000142   0x00000002   PAD
    0x08000144   0x08000144   0x0000001c   Code   RO         1985    !!handler_zi        c_w.l(__scatter_zi.o)
    0x08000160   0x08000160   0x00000000   Code   RO         1761    .ARM.Collect$$_printf_percent$$00000000  c_w.l(_printf_percent.o)
    0x08000160   0x08000160   0x00000006   Code   RO         1759    .ARM.Collect$$_printf_percent$$00000009  c_w.l(_printf_d.o)
    0x08000166   0x08000166   0x00000006   Code   RO         1760    .ARM.Collect$$_printf_percent$$0000000A  c_w.l(_printf_u.o)
    0x0800016c   0x0800016c   0x00000006   Code   RO         1758    .ARM.Collect$$_printf_percent$$00000014  c_w.l(_printf_s.o)
    0x08000172   0x08000172   0x00000004   Code   RO         1807    .ARM.Collect$$_printf_percent$$00000017  c_w.l(_printf_percent_end.o)
    0x08000176   0x08000176   0x00000002   Code   RO         1895    .ARM.Collect$$libinit$$00000000  c_w.l(libinit.o)
    0x08000178   0x08000178   0x00000000   Code   RO         1838    .ARM.Collect$$libinit$$00000002  c_w.l(libinit2.o)
    0x08000178   0x08000178   0x00000000   Code   RO         1840    .ARM.Collect$$libinit$$00000004  c_w.l(libinit2.o)
    0x08000178   0x08000178   0x00000000   Code   RO         1843    .ARM.Collect$$libinit$$0000000A  c_w.l(libinit2.o)
    0x08000178   0x08000178   0x00000000   Code   RO         1845    .ARM.Collect$$libinit$$0000000C  c_w.l(libinit2.o)
    0x08000178   0x08000178   0x00000000   Code   RO         1847    .ARM.Collect$$libinit$$0000000E  c_w.l(libinit2.o)
    0x08000178   0x08000178   0x00000006   Code   RO         1848    .ARM.Collect$$libinit$$0000000F  c_w.l(libinit2.o)
    0x0800017e   0x0800017e   0x00000000   Code   RO         1850    .ARM.Collect$$libinit$$00000011  c_w.l(libinit2.o)
    0x0800017e   0x0800017e   0x0000000c   Code   RO         1851    .ARM.Collect$$libinit$$00000012  c_w.l(libinit2.o)
    0x0800018a   0x0800018a   0x00000000   Code   RO         1852    .ARM.Collect$$libinit$$00000013  c_w.l(libinit2.o)
    0x0800018a   0x0800018a   0x00000000   Code   RO         1854    .ARM.Collect$$libinit$$00000015  c_w.l(libinit2.o)
    0x0800018a   0x0800018a   0x00000000   Code   RO         1856    .ARM.Collect$$libinit$$00000017  c_w.l(libinit2.o)
    0x0800018a   0x0800018a   0x00000000   Code   RO         1858    .ARM.Collect$$libinit$$00000019  c_w.l(libinit2.o)
    0x0800018a   0x0800018a   0x00000000   Code   RO         1860    .ARM.Collect$$libinit$$0000001B  c_w.l(libinit2.o)
    0x0800018a   0x0800018a   0x00000000   Code   RO         1862    .ARM.Collect$$libinit$$0000001D  c_w.l(libinit2.o)
    0x0800018a   0x0800018a   0x00000000   Code   RO         1864    .ARM.Collect$$libinit$$0000001F  c_w.l(libinit2.o)
    0x0800018a   0x0800018a   0x00000000   Code   RO         1866    .ARM.Collect$$libinit$$00000021  c_w.l(libinit2.o)
    0x0800018a   0x0800018a   0x00000000   Code   RO         1868    .ARM.Collect$$libinit$$00000023  c_w.l(libinit2.o)
    0x0800018a   0x0800018a   0x00000000   Code   RO         1870    .ARM.Collect$$libinit$$00000025  c_w.l(libinit2.o)
    0x0800018a   0x0800018a   0x00000000   Code   RO         1874    .ARM.Collect$$libinit$$0000002C  c_w.l(libinit2.o)
    0x0800018a   0x0800018a   0x00000000   Code   RO         1876    .ARM.Collect$$libinit$$0000002E  c_w.l(libinit2.o)
    0x0800018a   0x0800018a   0x00000000   Code   RO         1878    .ARM.Collect$$libinit$$00000030  c_w.l(libinit2.o)
    0x0800018a   0x0800018a   0x00000000   Code   RO         1880    .ARM.Collect$$libinit$$00000032  c_w.l(libinit2.o)
    0x0800018a   0x0800018a   0x00000002   Code   RO         1881    .ARM.Collect$$libinit$$00000033  c_w.l(libinit2.o)
    0x0800018c   0x0800018c   0x00000002   Code   RO         1936    .ARM.Collect$$libshutdown$$00000000  c_w.l(libshutdown.o)
    0x0800018e   0x0800018e   0x00000000   Code   RO         1942    .ARM.Collect$$libshutdown$$00000002  c_w.l(libshutdown2.o)
    0x0800018e   0x0800018e   0x00000000   Code   RO         1944    .ARM.Collect$$libshutdown$$00000004  c_w.l(libshutdown2.o)
    0x0800018e   0x0800018e   0x00000000   Code   RO         1947    .ARM.Collect$$libshutdown$$00000007  c_w.l(libshutdown2.o)
    0x0800018e   0x0800018e   0x00000000   Code   RO         1950    .ARM.Collect$$libshutdown$$0000000A  c_w.l(libshutdown2.o)
    0x0800018e   0x0800018e   0x00000000   Code   RO         1952    .ARM.Collect$$libshutdown$$0000000C  c_w.l(libshutdown2.o)
    0x0800018e   0x0800018e   0x00000000   Code   RO         1955    .ARM.Collect$$libshutdown$$0000000F  c_w.l(libshutdown2.o)
    0x0800018e   0x0800018e   0x00000002   Code   RO         1956    .ARM.Collect$$libshutdown$$00000010  c_w.l(libshutdown2.o)
    0x08000190   0x08000190   0x00000000   Code   RO         1788    .ARM.Collect$$rtentry$$00000000  c_w.l(__rtentry.o)
    0x08000190   0x08000190   0x00000000   Code   RO         1817    .ARM.Collect$$rtentry$$00000002  c_w.l(__rtentry2.o)
    0x08000190   0x08000190   0x00000006   Code   RO         1829    .ARM.Collect$$rtentry$$00000004  c_w.l(__rtentry4.o)
    0x08000196   0x08000196   0x00000000   Code   RO         1819    .ARM.Collect$$rtentry$$00000009  c_w.l(__rtentry2.o)
    0x08000196   0x08000196   0x00000004   Code   RO         1820    .ARM.Collect$$rtentry$$0000000A  c_w.l(__rtentry2.o)
    0x0800019a   0x0800019a   0x00000000   Code   RO         1822    .ARM.Collect$$rtentry$$0000000C  c_w.l(__rtentry2.o)
    0x0800019a   0x0800019a   0x00000008   Code   RO         1823    .ARM.Collect$$rtentry$$0000000D  c_w.l(__rtentry2.o)
    0x080001a2   0x080001a2   0x00000002   Code   RO         1898    .ARM.Collect$$rtexit$$00000000  c_w.l(rtexit.o)
    0x080001a4   0x080001a4   0x00000000   Code   RO         1909    .ARM.Collect$$rtexit$$00000002  c_w.l(rtexit2.o)
    0x080001a4   0x080001a4   0x00000004   Code   RO         1910    .ARM.Collect$$rtexit$$00000003  c_w.l(rtexit2.o)
    0x080001a8   0x080001a8   0x00000006   Code   RO         1911    .ARM.Collect$$rtexit$$00000004  c_w.l(rtexit2.o)
    0x080001ae   0x080001ae   0x00000002   PAD
    0x080001b0   0x080001b0   0x00000040   Code   RO            4    .text               startup_stm32f103xb.o
    0x080001f0   0x080001f0   0x00000010   Code   RO         1724    .text               c_w.l(rt_ctype_table.o)
    0x08000200   0x08000200   0x00000028   Code   RO         1728    .text               c_w.l(noretval__2sprintf.o)
    0x08000228   0x08000228   0x0000004e   Code   RO         1732    .text               c_w.l(_printf_pad.o)
    0x08000276   0x08000276   0x00000052   Code   RO         1734    .text               c_w.l(_printf_str.o)
    0x080002c8   0x080002c8   0x00000078   Code   RO         1736    .text               c_w.l(_printf_dec.o)
    0x08000340   0x08000340   0x00000138   Code   RO         1750    .text               c_w.l(__printf_flags_wp.o)
    0x08000478   0x08000478   0x0000001a   Code   RO         1762    .text               c_w.l(atoi.o)
    0x08000492   0x08000492   0x00000014   Code   RO         1764    .text               c_w.l(strchr.o)
    0x080004a6   0x080004a6   0x00000024   Code   RO         1766    .text               c_w.l(strstr.o)
    0x080004ca   0x080004ca   0x00000048   Code   RO         1768    .text               c_w.l(strcpy.o)
    0x08000512   0x08000512   0x0000003e   Code   RO         1770    .text               c_w.l(strlen.o)
    0x08000550   0x08000550   0x00000018   Code   RO         1772    .text               c_w.l(strcat.o)
    0x08000568   0x08000568   0x0000008a   Code   RO         1774    .text               c_w.l(rt_memcpy_v6.o)
    0x080005f2   0x080005f2   0x00000064   Code   RO         1776    .text               c_w.l(rt_memcpy_w.o)
    0x08000656   0x08000656   0x00000044   Code   RO         1778    .text               c_w.l(rt_memclr.o)
    0x0800069a   0x0800069a   0x0000004e   Code   RO         1780    .text               c_w.l(rt_memclr_w.o)
    0x080006e8   0x080006e8   0x00000056   Code   RO         1782    .text               c_w.l(strncpy.o)
    0x0800073e   0x0800073e   0x00000006   Code   RO         1784    .text               c_w.l(heapauxi.o)
    0x08000744   0x08000744   0x00000008   Code   RO         1792    .text               c_w.l(rt_locale_intlibspace.o)
    0x0800074c   0x0800074c   0x00000008   Code   RO         1797    .text               c_w.l(rt_errno_addr_intlibspace.o)
    0x08000754   0x08000754   0x000000b2   Code   RO         1799    .text               c_w.l(_printf_intcommon.o)
    0x08000806   0x08000806   0x00000002   PAD
    0x08000808   0x08000808   0x00000030   Code   RO         1801    .text               c_w.l(_printf_char_common.o)
    0x08000838   0x08000838   0x0000000a   Code   RO         1803    .text               c_w.l(_sputc.o)
    0x08000842   0x08000842   0x0000002c   Code   RO         1805    .text               c_w.l(_printf_char.o)
    0x0800086e   0x0800086e   0x00000070   Code   RO         1808    .text               c_w.l(strtol.o)
    0x080008de   0x080008de   0x00000002   PAD
    0x080008e0   0x080008e0   0x00000008   Code   RO         1813    .text               c_w.l(libspace.o)
    0x080008e8   0x080008e8   0x0000009e   Code   RO         1833    .text               c_w.l(_strtoul.o)
    0x08000986   0x08000986   0x00000002   PAD
    0x08000988   0x08000988   0x00000080   Code   RO         1835    .text               c_w.l(strcmpv7m.o)
    0x08000a08   0x08000a08   0x0000004a   Code   RO         1882    .text               c_w.l(sys_stackheap_outer.o)
    0x08000a52   0x08000a52   0x0000001c   Code   RO         1884    .text               c_w.l(_chval.o)
    0x08000a6e   0x08000a6e   0x00000012   Code   RO         1886    .text               c_w.l(exit.o)
    0x08000a80   0x08000a80   0x0000000c   Code   RO         1921    .text               c_w.l(sys_exit.o)
    0x08000a8c   0x08000a8c   0x00000002   Code   RO         1925    .text               c_w.l(use_no_semi.o)
    0x08000a8e   0x08000a8e   0x00000000   Code   RO         1927    .text               c_w.l(indicate_semi.o)
    0x08000a8e   0x08000a8e   0x00000002   PAD
    0x08000a90   0x08000a90   0x00000002   Code   RO          472    .text.BusFault_Handler  stm32f1xx_it.o
    0x08000a92   0x08000a92   0x00000002   PAD
    0x08000a94   0x08000a94   0x0000000c   Code   RO          484    .text.DMA1_Channel2_IRQHandler  stm32f1xx_it.o
    0x08000aa0   0x08000aa0   0x0000000c   Code   RO          486    .text.DMA1_Channel3_IRQHandler  stm32f1xx_it.o
    0x08000aac   0x08000aac   0x0000000c   Code   RO          488    .text.DMA1_Channel4_IRQHandler  stm32f1xx_it.o
    0x08000ab8   0x08000ab8   0x0000000c   Code   RO          490    .text.DMA1_Channel5_IRQHandler  stm32f1xx_it.o
    0x08000ac4   0x08000ac4   0x0000000c   Code   RO          492    .text.DMA1_Channel6_IRQHandler  stm32f1xx_it.o
    0x08000ad0   0x08000ad0   0x0000000c   Code   RO          494    .text.DMA1_Channel7_IRQHandler  stm32f1xx_it.o
    0x08000adc   0x08000adc   0x00000002   Code   RO          478    .text.DebugMon_Handler  stm32f1xx_it.o
    0x08000ade   0x08000ade   0x00000002   PAD
    0x08000ae0   0x08000ae0   0x0000000a   Code   RO          354    .text.Error_Handler  main.o
    0x08000aea   0x08000aea   0x00000002   PAD
    0x08000aec   0x08000aec   0x000000d8   Code   RO          810    .text.FLASH_WaitForLastOperation  stm32f1xx_hal_flash.o
    0x08000bc4   0x08000bc4   0x0000006e   Code   RO          542    .text.HAL_CRC_Accumulate  stm32f1xx_hal_crc.o
    0x08000c32   0x08000c32   0x00000002   PAD
    0x08000c34   0x08000c34   0x0000002a   Code   RO          534    .text.HAL_CRC_Init  stm32f1xx_hal_crc.o
    0x08000c5e   0x08000c5e   0x00000002   PAD
    0x08000c60   0x08000c60   0x00000032   Code   RO          375    .text.HAL_CRC_MspInit  crc.o
    0x08000c92   0x08000c92   0x00000002   PAD
    0x08000c94   0x08000c94   0x00000046   Code   RO          700    .text.HAL_DMA_Abort  stm32f1xx_hal_dma.o
    0x08000cda   0x08000cda   0x00000002   PAD
    0x08000cdc   0x08000cdc   0x000000ae   Code   RO          702    .text.HAL_DMA_Abort_IT  stm32f1xx_hal_dma.o
    0x08000d8a   0x08000d8a   0x00000002   PAD
    0x08000d8c   0x08000d8c   0x00000064   Code   RO          694    .text.HAL_DMA_DeInit  stm32f1xx_hal_dma.o
    0x08000df0   0x08000df0   0x000001a4   Code   RO          706    .text.HAL_DMA_IRQHandler  stm32f1xx_hal_dma.o
    0x08000f94   0x08000f94   0x00000088   Code   RO          692    .text.HAL_DMA_Init  stm32f1xx_hal_dma.o
    0x0800101c   0x0800101c   0x0000009a   Code   RO          698    .text.HAL_DMA_Start_IT  stm32f1xx_hal_dma.o
    0x080010b6   0x080010b6   0x00000002   PAD
    0x080010b8   0x080010b8   0x00000028   Code   RO          576    .text.HAL_Delay     stm32f1xx_hal.o
    0x080010e0   0x080010e0   0x000000ee   Code   RO          841    .text.HAL_FLASHEx_Erase  stm32f1xx_hal_flash_ex.o
    0x080011ce   0x080011ce   0x00000002   PAD
    0x080011d0   0x080011d0   0x00000014   Code   RO          822    .text.HAL_FLASH_Lock  stm32f1xx_hal_flash.o
    0x080011e4   0x080011e4   0x000000c6   Code   RO          808    .text.HAL_FLASH_Program  stm32f1xx_hal_flash.o
    0x080012aa   0x080012aa   0x00000002   PAD
    0x080012ac   0x080012ac   0x0000002e   Code   RO          820    .text.HAL_FLASH_Unlock  stm32f1xx_hal_flash.o
    0x080012da   0x080012da   0x00000002   PAD
    0x080012dc   0x080012dc   0x000001d4   Code   RO          670    .text.HAL_GPIO_DeInit  stm32f1xx_hal_gpio.o
    0x080014b0   0x080014b0   0x0000020e   Code   RO          668    .text.HAL_GPIO_Init  stm32f1xx_hal_gpio.o
    0x080016be   0x080016be   0x00000002   PAD
    0x080016c0   0x080016c0   0x0000000a   Code   RO          672    .text.HAL_GPIO_ReadPin  stm32f1xx_hal_gpio.o
    0x080016ca   0x080016ca   0x00000002   PAD
    0x080016cc   0x080016cc   0x00000010   Code   RO          676    .text.HAL_GPIO_TogglePin  stm32f1xx_hal_gpio.o
    0x080016dc   0x080016dc   0x0000000a   Code   RO          674    .text.HAL_GPIO_WritePin  stm32f1xx_hal_gpio.o
    0x080016e6   0x080016e6   0x00000002   PAD
    0x080016e8   0x080016e8   0x0000000c   Code   RO          568    .text.HAL_GetTick   stm32f1xx_hal.o
    0x080016f4   0x080016f4   0x000001a2   Code   RO          889    .text.HAL_I2C_Init  stm32f1xx_hal_i2c.o
    0x08001896   0x08001896   0x00000002   PAD
    0x08001898   0x08001898   0x00000068   Code   RO          399    .text.HAL_I2C_MspInit  i2c.o
    0x08001900   0x08001900   0x0000001a   Code   RO          566    .text.HAL_IncTick   stm32f1xx_hal.o
    0x0800191a   0x0800191a   0x00000002   PAD
    0x0800191c   0x0800191c   0x00000026   Code   RO          556    .text.HAL_Init      stm32f1xx_hal.o
    0x08001942   0x08001942   0x00000002   PAD
    0x08001944   0x08001944   0x00000048   Code   RO          558    .text.HAL_InitTick  stm32f1xx_hal.o
    0x0800198c   0x0800198c   0x00000042   Code   RO          511    .text.HAL_MspInit   stm32f1xx_hal_msp.o
    0x080019ce   0x080019ce   0x00000002   PAD
    0x080019d0   0x080019d0   0x00000028   Code   RO          730    .text.HAL_NVIC_DisableIRQ  stm32f1xx_hal_cortex.o
    0x080019f8   0x080019f8   0x00000020   Code   RO          728    .text.HAL_NVIC_EnableIRQ  stm32f1xx_hal_cortex.o
    0x08001a18   0x08001a18   0x00000056   Code   RO          726    .text.HAL_NVIC_SetPriority  stm32f1xx_hal_cortex.o
    0x08001a6e   0x08001a6e   0x00000002   PAD
    0x08001a70   0x08001a70   0x00000020   Code   RO          724    .text.HAL_NVIC_SetPriorityGrouping  stm32f1xx_hal_cortex.o
    0x08001a90   0x08001a90   0x00000004   Code   RO          732    .text.HAL_NVIC_SystemReset  stm32f1xx_hal_cortex.o
    0x08001a94   0x08001a94   0x000001b4   Code   RO          620    .text.HAL_RCC_ClockConfig  stm32f1xx_hal_rcc.o
    0x08001c48   0x08001c48   0x00000026   Code   RO          632    .text.HAL_RCC_GetPCLK1Freq  stm32f1xx_hal_rcc.o
    0x08001c6e   0x08001c6e   0x00000002   PAD
    0x08001c70   0x08001c70   0x00000026   Code   RO          634    .text.HAL_RCC_GetPCLK2Freq  stm32f1xx_hal_rcc.o
    0x08001c96   0x08001c96   0x00000002   PAD
    0x08001c98   0x08001c98   0x0000039c   Code   RO          618    .text.HAL_RCC_OscConfig  stm32f1xx_hal_rcc.o
    0x08002034   0x08002034   0x00000002   Code   RO         1095    .text.HAL_SPI_ErrorCallback  stm32f1xx_hal_spi.o
    0x08002036   0x08002036   0x00000002   PAD
    0x08002038   0x08002038   0x00000100   Code   RO         1091    .text.HAL_SPI_IRQHandler  stm32f1xx_hal_spi.o
    0x08002138   0x08002138   0x000000b4   Code   RO         1015    .text.HAL_SPI_Init  stm32f1xx_hal_spi.o
    0x080021ec   0x080021ec   0x000000f4   Code   RO          414    .text.HAL_SPI_MspInit  spi.o
    0x080022e0   0x080022e0   0x000001fa   Code   RO         1025    .text.HAL_SPI_Receive  stm32f1xx_hal_spi.o
    0x080024da   0x080024da   0x00000002   PAD
    0x080024dc   0x080024dc   0x00000100   Code   RO         1059    .text.HAL_SPI_Receive_DMA  stm32f1xx_hal_spi.o
    0x080025dc   0x080025dc   0x0000000e   Code   RO          226    .text.HAL_SPI_RxCpltCallback  network.o
    0x080025ea   0x080025ea   0x00000002   PAD
    0x080025ec   0x080025ec   0x00000002   Code   RO         1105    .text.HAL_SPI_RxHalfCpltCallback  stm32f1xx_hal_spi.o
    0x080025ee   0x080025ee   0x00000002   PAD
    0x080025f0   0x080025f0   0x000001f6   Code   RO         1023    .text.HAL_SPI_Transmit  stm32f1xx_hal_spi.o
    0x080027e6   0x080027e6   0x00000002   PAD
    0x080027e8   0x080027e8   0x000002d0   Code   RO         1027    .text.HAL_SPI_TransmitReceive  stm32f1xx_hal_spi.o
    0x08002ab8   0x08002ab8   0x00000120   Code   RO         1061    .text.HAL_SPI_TransmitReceive_DMA  stm32f1xx_hal_spi.o
    0x08002bd8   0x08002bd8   0x000000d8   Code   RO         1051    .text.HAL_SPI_Transmit_DMA  stm32f1xx_hal_spi.o
    0x08002cb0   0x08002cb0   0x0000000e   Code   RO          224    .text.HAL_SPI_TxCpltCallback  network.o
    0x08002cbe   0x08002cbe   0x00000002   PAD
    0x08002cc0   0x08002cc0   0x00000002   Code   RO         1103    .text.HAL_SPI_TxHalfCpltCallback  stm32f1xx_hal_spi.o
    0x08002cc2   0x08002cc2   0x00000002   PAD
    0x08002cc4   0x08002cc4   0x00000002   Code   RO         1101    .text.HAL_SPI_TxRxCpltCallback  stm32f1xx_hal_spi.o
    0x08002cc6   0x08002cc6   0x00000002   PAD
    0x08002cc8   0x08002cc8   0x00000002   Code   RO         1107    .text.HAL_SPI_TxRxHalfCpltCallback  stm32f1xx_hal_spi.o
    0x08002cca   0x08002cca   0x00000002   PAD
    0x08002ccc   0x08002ccc   0x0000002c   Code   RO          736    .text.HAL_SYSTICK_Config  stm32f1xx_hal_cortex.o
    0x08002cf8   0x08002cf8   0x00000002   Code   RO         1432    .text.HAL_TIMEx_BreakCallback  stm32f1xx_hal_tim_ex.o
    0x08002cfa   0x08002cfa   0x00000002   PAD
    0x08002cfc   0x08002cfc   0x00000002   Code   RO         1428    .text.HAL_TIMEx_CommutCallback  stm32f1xx_hal_tim_ex.o
    0x08002cfe   0x08002cfe   0x00000002   PAD
    0x08002d00   0x08002d00   0x0000007e   Code   RO         1422    .text.HAL_TIMEx_MasterConfigSynchronization  stm32f1xx_hal_tim_ex.o
    0x08002d7e   0x08002d7e   0x00000002   PAD
    0x08002d80   0x08002d80   0x000000ea   Code   RO         1127    .text.HAL_TIM_Base_Init  stm32f1xx_hal_tim.o
    0x08002e6a   0x08002e6a   0x00000002   PAD
    0x08002e6c   0x08002e6c   0x00000040   Code   RO          431    .text.HAL_TIM_Base_MspInit  tim.o
    0x08002eac   0x08002eac   0x0000006e   Code   RO         1141    .text.HAL_TIM_Base_Start_IT  stm32f1xx_hal_tim.o
    0x08002f1a   0x08002f1a   0x00000002   PAD
    0x08002f1c   0x08002f1c   0x0000019c   Code   RO         1307    .text.HAL_TIM_ConfigClockSource  stm32f1xx_hal_tim.o
    0x080030b8   0x080030b8   0x00000002   Code   RO         1263    .text.HAL_TIM_IC_CaptureCallback  stm32f1xx_hal_tim.o
    0x080030ba   0x080030ba   0x00000002   PAD
    0x080030bc   0x080030bc   0x0000016a   Code   RO         1261    .text.HAL_TIM_IRQHandler  stm32f1xx_hal_tim.o
    0x08003226   0x08003226   0x00000002   PAD
    0x08003228   0x08003228   0x00000002   Code   RO         1265    .text.HAL_TIM_OC_DelayElapsedCallback  stm32f1xx_hal_tim.o
    0x0800322a   0x0800322a   0x00000002   PAD
    0x0800322c   0x0800322c   0x00000002   Code   RO         1267    .text.HAL_TIM_PWM_PulseFinishedCallback  stm32f1xx_hal_tim.o
    0x0800322e   0x0800322e   0x00000002   PAD
    0x08003230   0x08003230   0x00000002   Code   RO          202    .text.HAL_TIM_PeriodElapsedCallback  tim_services.o
    0x08003232   0x08003232   0x00000002   PAD
    0x08003234   0x08003234   0x00000002   Code   RO         1271    .text.HAL_TIM_TriggerCallback  stm32f1xx_hal_tim.o
    0x08003236   0x08003236   0x00000002   PAD
    0x08003238   0x08003238   0x000001e0   Code   RO         1492    .text.HAL_UARTEx_ReceiveToIdle_DMA  stm32f1xx_hal_uart.o
    0x08003418   0x08003418   0x00000196   Code   RO           21    .text.HAL_UARTEx_RxEventCallback  data_exchange.o
    0x080035ae   0x080035ae   0x00000002   PAD
    0x080035b0   0x080035b0   0x0000021c   Code   RO         1486    .text.HAL_UART_DMAStop  stm32f1xx_hal_uart.o
    0x080037cc   0x080037cc   0x00000038   Code   RO         1456    .text.HAL_UART_DeInit  stm32f1xx_hal_uart.o
    0x08003804   0x08003804   0x00000100   Code   RO           19    .text.HAL_UART_ErrorCallback  data_exchange.o
    0x08003904   0x08003904   0x00000568   Code   RO         1522    .text.HAL_UART_IRQHandler  stm32f1xx_hal_uart.o
    0x08003e6c   0x08003e6c   0x000000dc   Code   RO         1446    .text.HAL_UART_Init  stm32f1xx_hal_uart.o
    0x08003f48   0x08003f48   0x0000006e   Code   RO          450    .text.HAL_UART_MspDeInit  usart.o
    0x08003fb6   0x08003fb6   0x00000002   PAD
    0x08003fb8   0x08003fb8   0x000001e2   Code   RO          448    .text.HAL_UART_MspInit  usart.o
    0x0800419a   0x0800419a   0x00000002   PAD
    0x0800419c   0x0800419c   0x00000002   Code   RO         1536    .text.HAL_UART_RxCpltCallback  stm32f1xx_hal_uart.o
    0x0800419e   0x0800419e   0x00000002   PAD
    0x080041a0   0x080041a0   0x00000002   Code   RO         1538    .text.HAL_UART_RxHalfCpltCallback  stm32f1xx_hal_uart.o
    0x080041a2   0x080041a2   0x00000002   PAD
    0x080041a4   0x080041a4   0x000002b4   Code   RO         1460    .text.HAL_UART_Transmit  stm32f1xx_hal_uart.o
    0x08004458   0x08004458   0x000000c8   Code   RO         1470    .text.HAL_UART_Transmit_DMA  stm32f1xx_hal_uart.o
    0x08004520   0x08004520   0x0000003c   Code   RO           17    .text.HAL_UART_TxCpltCallback  data_exchange.o
    0x0800455c   0x0800455c   0x00000002   Code   RO         1534    .text.HAL_UART_TxHalfCpltCallback  stm32f1xx_hal_uart.o
    0x0800455e   0x0800455e   0x00000002   PAD
    0x08004560   0x08004560   0x00000002   Code   RO          468    .text.HardFault_Handler  stm32f1xx_it.o
    0x08004562   0x08004562   0x00000002   PAD
    0x08004564   0x08004564   0x00000026   Code   RO          373    .text.MX_CRC_Init   crc.o
    0x0800458a   0x0800458a   0x00000002   PAD
    0x0800458c   0x0800458c   0x00000084   Code   RO          388    .text.MX_DMA_Init   dma.o
    0x08004610   0x08004610   0x00000144   Code   RO          364    .text.MX_GPIO_Init  gpio.o
    0x08004754   0x08004754   0x00000042   Code   RO          397    .text.MX_I2C1_Init  i2c.o
    0x08004796   0x08004796   0x00000002   PAD
    0x08004798   0x08004798   0x0000004c   Code   RO          412    .text.MX_SPI1_Init  spi.o
    0x080047e4   0x080047e4   0x0000007a   Code   RO          429    .text.MX_TIM2_Init  tim.o
    0x0800485e   0x0800485e   0x00000002   PAD
    0x08004860   0x08004860   0x0000003c   Code   RO          444    .text.MX_USART1_UART_Init  usart.o
    0x0800489c   0x0800489c   0x0000003c   Code   RO          446    .text.MX_USART2_UART_Init  usart.o
    0x080048d8   0x080048d8   0x00000002   Code   RO          470    .text.MemManage_Handler  stm32f1xx_it.o
    0x080048da   0x080048da   0x00000002   PAD
    0x080048dc   0x080048dc   0x00000002   Code   RO          466    .text.NMI_Handler   stm32f1xx_it.o
    0x080048de   0x080048de   0x00000002   PAD
    0x080048e0   0x080048e0   0x00000002   Code   RO          480    .text.PendSV_Handler  stm32f1xx_it.o
    0x080048e2   0x080048e2   0x00000002   PAD
    0x080048e4   0x080048e4   0x000000a4   Code   RO           58    .text.Reset_System  protocol.o
    0x08004988   0x08004988   0x0000000c   Code   RO          498    .text.SPI1_IRQHandler  stm32f1xx_it.o
    0x08004994   0x08004994   0x0000000c   Code   RO         1093    .text.SPI_DMAAbortOnError  stm32f1xx_hal_spi.o
    0x080049a0   0x080049a0   0x0000001e   Code   RO         1057    .text.SPI_DMAError  stm32f1xx_hal_spi.o
    0x080049be   0x080049be   0x00000002   PAD
    0x080049c0   0x080049c0   0x00000006   Code   RO         1063    .text.SPI_DMAHalfReceiveCplt  stm32f1xx_hal_spi.o
    0x080049c6   0x080049c6   0x00000002   PAD
    0x080049c8   0x080049c8   0x00000006   Code   RO         1053    .text.SPI_DMAHalfTransmitCplt  stm32f1xx_hal_spi.o
    0x080049ce   0x080049ce   0x00000002   PAD
    0x080049d0   0x080049d0   0x00000006   Code   RO         1067    .text.SPI_DMAHalfTransmitReceiveCplt  stm32f1xx_hal_spi.o
    0x080049d6   0x080049d6   0x00000002   PAD
    0x080049d8   0x080049d8   0x0000009e   Code   RO         1065    .text.SPI_DMAReceiveCplt  stm32f1xx_hal_spi.o
    0x08004a76   0x08004a76   0x00000002   PAD
    0x08004a78   0x08004a78   0x0000007e   Code   RO         1055    .text.SPI_DMATransmitCplt  stm32f1xx_hal_spi.o
    0x08004af6   0x08004af6   0x00000002   PAD
    0x08004af8   0x08004af8   0x00000068   Code   RO         1069    .text.SPI_DMATransmitReceiveCplt  stm32f1xx_hal_spi.o
    0x08004b60   0x08004b60   0x000000e4   Code   RO         1117    .text.SPI_WaitFlagStateUntilTimeout  stm32f1xx_hal_spi.o
    0x08004c44   0x08004c44   0x00000002   Code   RO          476    .text.SVC_Handler   stm32f1xx_it.o
    0x08004c46   0x08004c46   0x00000002   PAD
    0x08004c48   0x08004c48   0x00000078   Code   RO          482    .text.SysTick_Handler  stm32f1xx_it.o
    0x08004cc0   0x08004cc0   0x00000002   Code   RO         1566    .text.SystemInit    system_stm32f1xx.o
    0x08004cc2   0x08004cc2   0x00000002   PAD
    0x08004cc4   0x08004cc4   0x0000000c   Code   RO          496    .text.TIM2_IRQHandler  stm32f1xx_it.o
    0x08004cd0   0x08004cd0   0x0000006e   Code   RO           54    .text.Tx2Lower      protocol.o
    0x08004d3e   0x08004d3e   0x00000002   PAD
    0x08004d40   0x08004d40   0x0000000c   Code   RO         1526    .text.UART_DMAAbortOnError  stm32f1xx_hal_uart.o
    0x08004d4c   0x08004d4c   0x0000017c   Code   RO         1476    .text.UART_DMAError  stm32f1xx_hal_uart.o
    0x08004ec8   0x08004ec8   0x0000015e   Code   RO         1554    .text.UART_DMAReceiveCplt  stm32f1xx_hal_uart.o
    0x08005026   0x08005026   0x00000002   PAD
    0x08005028   0x08005028   0x00000018   Code   RO         1556    .text.UART_DMARxHalfCplt  stm32f1xx_hal_uart.o
    0x08005040   0x08005040   0x000000b0   Code   RO         1472    .text.UART_DMATransmitCplt  stm32f1xx_hal_uart.o
    0x080050f0   0x080050f0   0x00000006   Code   RO         1474    .text.UART_DMATxHalfCplt  stm32f1xx_hal_uart.o
    0x080050f6   0x080050f6   0x00000002   PAD
    0x080050f8   0x080050f8   0x000000fa   Code   RO         1524    .text.UART_Receive_IT  stm32f1xx_hal_uart.o
    0x080051f2   0x080051f2   0x00000002   PAD
    0x080051f4   0x080051f4   0x0000000c   Code   RO          500    .text.USART1_IRQHandler  stm32f1xx_it.o
    0x08005200   0x08005200   0x0000000c   Code   RO          502    .text.USART2_IRQHandler  stm32f1xx_it.o
    0x0800520c   0x0800520c   0x00000002   Code   RO          474    .text.UsageFault_Handler  stm32f1xx_it.o
    0x0800520e   0x0800520e   0x00000002   PAD
    0x08005210   0x08005210   0x00000002   Code   RO          228    .text.W5500_CRIS_ENTER  network.o
    0x08005212   0x08005212   0x00000002   PAD
    0x08005214   0x08005214   0x00000002   Code   RO          230    .text.W5500_CRIS_EXIT  network.o
    0x08005216   0x08005216   0x00000002   PAD
    0x08005218   0x08005218   0x00000032   Code   RO          216    .text.W5500_ReadBuff  network.o
    0x0800524a   0x0800524a   0x00000002   PAD
    0x0800524c   0x0800524c   0x0000002c   Code   RO          220    .text.W5500_ReadByte  network.o
    0x08005278   0x08005278   0x00000024   Code   RO          212    .text.W5500_Select  network.o
    0x0800529c   0x0800529c   0x00000024   Code   RO          214    .text.W5500_Unselect  network.o
    0x080052c0   0x080052c0   0x00000032   Code   RO          218    .text.W5500_WriteBuff  network.o
    0x080052f2   0x080052f2   0x00000002   PAD
    0x080052f4   0x080052f4   0x0000002c   Code   RO          222    .text.W5500_WriteByte  network.o
    0x08005320   0x08005320   0x00000062   Code   RO         1697    .text.WIZCHIP_READ  w5500.o
    0x08005382   0x08005382   0x00000002   PAD
    0x08005384   0x08005384   0x00000078   Code   RO         1701    .text.WIZCHIP_READ_BUF  w5500.o
    0x080053fc   0x080053fc   0x00000064   Code   RO         1699    .text.WIZCHIP_WRITE  w5500.o
    0x08005460   0x08005460   0x0000007e   Code   RO         1703    .text.WIZCHIP_WRITE_BUF  w5500.o
    0x080054de   0x080054de   0x00000002   PAD
    0x080054e0   0x080054e0   0x00000024   Code   RO           62    .text.__NVIC_SystemReset  protocol.o
    0x08005504   0x08005504   0x00000024   Code   RO          734    .text.__NVIC_SystemReset  stm32f1xx_hal_cortex.o
    0x08005528   0x08005528   0x00000018   Code   RO           13    .text.clear_zeros   data_exchange.o
    0x08005540   0x08005540   0x00000074   Code   RO         1583    .text.close         socket.o
    0x080055b4   0x080055b4   0x00000132   Code   RO         1671    .text.ctlnetwork    wizchip_conf.o
    0x080056e6   0x080056e6   0x00000002   PAD
    0x080056e8   0x080056e8   0x00000480   Code   RO           15    .text.data_engine   data_exchange.o
    0x08005b68   0x08005b68   0x0000007a   Code   RO           11    .text.data_engine_init  data_exchange.o
    0x08005be2   0x08005be2   0x00000002   PAD
    0x08005be4   0x08005be4   0x000000f6   Code   RO         1589    .text.disconnect    socket.o
    0x08005cda   0x08005cda   0x00000002   PAD
    0x08005cdc   0x08005cdc   0x00000032   Code   RO          337    .text.flash_erase_sec  flash.o
    0x08005d0e   0x08005d0e   0x00000002   PAD
    0x08005d10   0x08005d10   0x0000004a   Code   RO          339    .text.flash_write   flash.o
    0x08005d5a   0x08005d5a   0x00000002   PAD
    0x08005d5c   0x08005d5c   0x0000017a   Code   RO         1707    .text.getSn_RX_RSR  w5500.o
    0x08005ed6   0x08005ed6   0x00000002   PAD
    0x08005ed8   0x08005ed8   0x000001d2   Code   RO         1705    .text.getSn_TX_FSR  w5500.o
    0x080060aa   0x080060aa   0x00000002   PAD
    0x080060ac   0x080060ac   0x0000003c   Code   RO          255    .text.leds_init     leds.o
    0x080060e8   0x080060e8   0x000000c2   Code   RO         1585    .text.listen        socket.o
    0x080061aa   0x080061aa   0x00000002   PAD
    0x080061ac   0x080061ac   0x000000f6   Code   RO          350    .text.main          main.o
    0x080062a2   0x080062a2   0x00000002   PAD
    0x080062a4   0x080062a4   0x00000022   Code   RO          298    .text.motor1_off    relays.o
    0x080062c6   0x080062c6   0x00000002   PAD
    0x080062c8   0x080062c8   0x00000094   Code   RO          286    .text.motor1_on     relays.o
    0x0800635c   0x0800635c   0x0000002e   Code   RO          300    .text.motor2_off    relays.o
    0x0800638a   0x0800638a   0x00000002   PAD
    0x0800638c   0x0800638c   0x00000084   Code   RO          288    .text.motor2_on     relays.o
    0x08006410   0x08006410   0x00000012   Code   RO          302    .text.motor3_off    relays.o
    0x08006422   0x08006422   0x00000002   PAD
    0x08006424   0x08006424   0x00000012   Code   RO          294    .text.motor3_on     relays.o
    0x08006436   0x08006436   0x00000002   PAD
    0x08006438   0x08006438   0x00000012   Code   RO          304    .text.motor4_off    relays.o
    0x0800644a   0x0800644a   0x00000002   PAD
    0x0800644c   0x0800644c   0x00000012   Code   RO          296    .text.motor4_on     relays.o
    0x0800645e   0x0800645e   0x00000002   PAD
    0x08006460   0x08006460   0x00000094   Code   RO          290    .text.motorx1_on    relays.o
    0x080064f4   0x080064f4   0x00000084   Code   RO          292    .text.motorx2_on    relays.o
    0x08006578   0x08006578   0x00000036   Code   RO          238    .text.net_GetString  network.o
    0x080065ae   0x080065ae   0x00000002   PAD
    0x080065b0   0x080065b0   0x00000082   Code   RO          236    .text.net_SendString  network.o
    0x08006632   0x08006632   0x00000002   PAD
    0x08006634   0x08006634   0x00000126   Code   RO          234    .text.net_engine    network.o
    0x0800675a   0x0800675a   0x00000002   PAD
    0x0800675c   0x0800675c   0x000000be   Code   RO          232    .text.net_init      network.o
    0x0800681a   0x0800681a   0x00000002   PAD
    0x0800681c   0x0800681c   0x000017ec   Code   RO           52    .text.parse_engine  protocol.o
    0x08008008   0x08008008   0x000000de   Code   RO           50    .text.protocol_Engine  protocol.o
    0x080080e6   0x080080e6   0x00000002   PAD
    0x080080e8   0x080080e8   0x000001a0   Code   RO         1593    .text.recv          socket.o
    0x08008288   0x08008288   0x0000016c   Code   RO           56    .text.recv_buffer_processing  protocol.o
    0x080083f4   0x080083f4   0x00000038   Code   RO         1635    .text.reg_wizchip_cris_cbfunc  wizchip_conf.o
    0x0800842c   0x0800842c   0x00000038   Code   RO         1637    .text.reg_wizchip_cs_cbfunc  wizchip_conf.o
    0x08008464   0x08008464   0x00000042   Code   RO         1641    .text.reg_wizchip_spi_cbfunc  wizchip_conf.o
    0x080084a6   0x080084a6   0x00000002   PAD
    0x080084a8   0x080084a8   0x00000042   Code   RO         1643    .text.reg_wizchip_spiburst_cbfunc  wizchip_conf.o
    0x080084ea   0x080084ea   0x00000002   PAD
    0x080084ec   0x080084ec   0x00000138   Code   RO          306    .text.relays_engine  relays.o
    0x08008624   0x08008624   0x0000007c   Code   RO          274    .text.relays_init   relays.o
    0x080086a0   0x080086a0   0x000001ec   Code   RO         1591    .text.send          socket.o
    0x0800888c   0x0800888c   0x000001d0   Code   RO           46    .text.show_configs  protocol.o
    0x08008a5c   0x08008a5c   0x000001a0   Code   RO         1581    .text.socket        socket.o
    0x08008bfc   0x08008bfc   0x00000046   Code   RO          318    .text.sysconf_checkdata  sys_conf.o
    0x08008c42   0x08008c42   0x00000002   PAD
    0x08008c44   0x08008c44   0x00000030   Code   RO          320    .text.sysconf_read  sys_conf.o
    0x08008c74   0x08008c74   0x00000026   Code   RO          322    .text.sysconf_write  sys_conf.o
    0x08008c9a   0x08008c9a   0x00000002   PAD
    0x08008c9c   0x08008c9c   0x0000009c   Code   RO          324    .text.sysconf_write_defaults  sys_conf.o
    0x08008d38   0x08008d38   0x00000016   Code   RO          196    .text.tim_init      tim_services.o
    0x08008d4e   0x08008d4e   0x00000002   PAD
    0x08008d50   0x08008d50   0x000001f0   Code   RO         1711    .text.wiz_recv_data  w5500.o
    0x08008f40   0x08008f40   0x000001f0   Code   RO         1709    .text.wiz_send_data  w5500.o
    0x08009130   0x08009130   0x00000004   Code   RO         1623    .text.wizchip_bus_readdata  wizchip_conf.o
    0x08009134   0x08009134   0x00000004   Code   RO         1625    .text.wizchip_bus_writedata  wizchip_conf.o
    0x08009138   0x08009138   0x00000002   Code   RO         1615    .text.wizchip_cris_enter  wizchip_conf.o
    0x0800913a   0x0800913a   0x00000002   PAD
    0x0800913c   0x0800913c   0x00000002   Code   RO         1617    .text.wizchip_cris_exit  wizchip_conf.o
    0x0800913e   0x0800913e   0x00000002   PAD
    0x08009140   0x08009140   0x00000002   Code   RO         1621    .text.wizchip_cs_deselect  wizchip_conf.o
    0x08009142   0x08009142   0x00000002   PAD
    0x08009144   0x08009144   0x00000002   Code   RO         1619    .text.wizchip_cs_select  wizchip_conf.o
    0x08009146   0x08009146   0x00000002   PAD
    0x08009148   0x08009148   0x00000182   Code   RO         1649    .text.wizchip_init  wizchip_conf.o
    0x080092ca   0x080092ca   0x00000002   PAD
    0x080092cc   0x080092cc   0x00000054   Code   RO         1673    .text.wizchip_setnetinfo  wizchip_conf.o
    0x08009320   0x08009320   0x00000002   Code   RO         1631    .text.wizchip_spi_readburst  wizchip_conf.o
    0x08009322   0x08009322   0x00000002   PAD
    0x08009324   0x08009324   0x00000004   Code   RO         1627    .text.wizchip_spi_readbyte  wizchip_conf.o
    0x08009328   0x08009328   0x00000002   Code   RO         1633    .text.wizchip_spi_writeburst  wizchip_conf.o
    0x0800932a   0x0800932a   0x00000002   PAD
    0x0800932c   0x0800932c   0x00000002   Code   RO         1629    .text.wizchip_spi_writebyte  wizchip_conf.o
    0x0800932e   0x0800932e   0x00000002   PAD
    0x08009330   0x08009330   0x00000080   Code   RO         1647    .text.wizchip_sw_reset  wizchip_conf.o
    0x080093b0   0x080093b0   0x0000005a   Code   RO           23    .text.zeros         data_exchange.o
    0x0800940a   0x0800940a   0x0000000e   Code   RO         1748    i._is_digit         c_w.l(__printf_wp.o)
    0x08009418   0x08009418   0x0000002c   Code   RO         1811    locale$$code        c_w.l(lc_ctype_c.o)
    0x08009444   0x08009444   0x00000011   Data   RO         1751    .constdata          c_w.l(__printf_flags_wp.o)
    0x08009455   0x08009455   0x00000034   Data   RO          176    .rodata..L.str      protocol.o
    0x08009489   0x08009489   0x00000010   Data   RO         1571    .rodata.AHBPrescTable  system_stm32f1xx.o
    0x08009499   0x08009499   0x00000008   Data   RO         1572    .rodata.APBPrescTable  system_stm32f1xx.o
    0x080094a1   0x080094a1   0x00000002   Data   RO          645    .rodata.HAL_RCC_GetSysClockFreq.aPredivFactorTable  stm32f1xx_hal_rcc.o
    0x080094a3   0x080094a3   0x00000010   Data   RO          644    .rodata.cst16       stm32f1xx_hal_rcc.o
    0x080094b3   0x080094b3   0x00000005   Data   RO           75    .rodata.str0        protocol.o
    0x080094b8   0x080094b8   0x0000000c   Data   RO           76    .rodata.str1        protocol.o
    0x080094c4   0x080094c4   0x0000000b   Data   RO           30    .rodata.str1.1      data_exchange.o
    0x080094cf   0x080094cf   0x000000f6   Data   RO          178    .rodata.str1.1      protocol.o
    0x080095c5   0x080095c5   0x00000014   Data   RO          163    .rodata.str100      protocol.o
    0x080095d9   0x080095d9   0x00000010   Data   RO           87    .rodata.str11       protocol.o
    0x080095e9   0x080095e9   0x00000017   Data   RO          164    .rodata.str110      protocol.o
    0x08009600   0x08009600   0x00000011   Data   RO           88    .rodata.str12       protocol.o
    0x08009611   0x08009611   0x00000011   Data   RO           92    .rodata.str16       protocol.o
    0x08009622   0x08009622   0x00000011   Data   RO           98    .rodata.str160      protocol.o
    0x08009633   0x08009633   0x00000014   Data   RO           93    .rodata.str17       protocol.o
    0x08009647   0x08009647   0x00000014   Data   RO           99    .rodata.str170      protocol.o
    0x0800965b   0x0800965b   0x00000011   Data   RO           94    .rodata.str18       protocol.o
    0x0800966c   0x0800966c   0x00000013   Data   RO          100    .rodata.str180      protocol.o
    0x0800967f   0x0800967f   0x00000014   Data   RO           95    .rodata.str19       protocol.o
    0x08009693   0x08009693   0x00000016   Data   RO          101    .rodata.str190      protocol.o
    0x080096a9   0x080096a9   0x00000012   Data   RO           77    .rodata.str1r       protocol.o
    0x080096bb   0x080096bb   0x00000010   Data   RO           78    .rodata.str2        protocol.o
    0x080096cb   0x080096cb   0x00000011   Data   RO           96    .rodata.str20       protocol.o
    0x080096dc   0x080096dc   0x00000011   Data   RO          102    .rodata.str200      protocol.o
    0x080096ed   0x080096ed   0x0000000e   Data   RO          105    .rodata.str22       protocol.o
    0x080096fb   0x080096fb   0x00000010   Data   RO          104    .rodata.str220      protocol.o
    0x0800970b   0x0800970b   0x00000011   Data   RO          106    .rodata.str23       protocol.o
    0x0800971c   0x0800971c   0x0000000f   Data   RO          107    .rodata.str24       protocol.o
    0x0800972b   0x0800972b   0x0000000e   Data   RO          108    .rodata.str25       protocol.o
    0x08009739   0x08009739   0x00000013   Data   RO          165    .rodata.str250      protocol.o
    0x0800974c   0x0800974c   0x0000000e   Data   RO          166    .rodata.str251      protocol.o
    0x0800975a   0x0800975a   0x0000000e   Data   RO          167    .rodata.str252      protocol.o
    0x08009768   0x08009768   0x0000000e   Data   RO          168    .rodata.str253      protocol.o
    0x08009776   0x08009776   0x0000000e   Data   RO          169    .rodata.str254      protocol.o
    0x08009784   0x08009784   0x0000000e   Data   RO          170    .rodata.str255      protocol.o
    0x08009792   0x08009792   0x0000000e   Data   RO          171    .rodata.str256      protocol.o
    0x080097a0   0x080097a0   0x00000011   Data   RO          109    .rodata.str26       protocol.o
    0x080097b1   0x080097b1   0x0000000f   Data   RO          110    .rodata.str27       protocol.o
    0x080097c0   0x080097c0   0x00000015   Data   RO          111    .rodata.str28       protocol.o
    0x080097d5   0x080097d5   0x00000018   Data   RO          112    .rodata.str29       protocol.o
    0x080097ed   0x080097ed   0x00000011   Data   RO           79    .rodata.str3        protocol.o
    0x080097fe   0x080097fe   0x00000015   Data   RO          113    .rodata.str30       protocol.o
    0x08009813   0x08009813   0x00000018   Data   RO          114    .rodata.str31       protocol.o
    0x0800982b   0x0800982b   0x00000014   Data   RO          115    .rodata.str32       protocol.o
    0x0800983f   0x0800983f   0x00000015   Data   RO          116    .rodata.str33       protocol.o
    0x08009854   0x08009854   0x00000018   Data   RO          117    .rodata.str34       protocol.o
    0x0800986c   0x0800986c   0x00000015   Data   RO          118    .rodata.str35       protocol.o
    0x08009881   0x08009881   0x00000018   Data   RO          119    .rodata.str36       protocol.o
    0x08009899   0x08009899   0x00000014   Data   RO          120    .rodata.str37       protocol.o
    0x080098ad   0x080098ad   0x00000016   Data   RO          121    .rodata.str38       protocol.o
    0x080098c3   0x080098c3   0x00000013   Data   RO          122    .rodata.str39       protocol.o
    0x080098d6   0x080098d6   0x00000010   Data   RO           80    .rodata.str4        protocol.o
    0x080098e6   0x080098e6   0x00000014   Data   RO          123    .rodata.str40       protocol.o
    0x080098fa   0x080098fa   0x00000018   Data   RO          124    .rodata.str41       protocol.o
    0x08009912   0x08009912   0x00000002   PAD
    0x08009914   0x08009914   0x00000016   Data   RO          125    .rodata.str42       protocol.o
    0x0800992a   0x0800992a   0x00000016   Data   RO          126    .rodata.str43       protocol.o
    0x08009940   0x08009940   0x00000013   Data   RO          127    .rodata.str44       protocol.o
    0x08009953   0x08009953   0x00000014   Data   RO          128    .rodata.str45       protocol.o
    0x08009967   0x08009967   0x00000018   Data   RO          129    .rodata.str46       protocol.o
    0x0800997f   0x0800997f   0x00000001   PAD
    0x08009980   0x08009980   0x00000016   Data   RO          130    .rodata.str47       protocol.o
    0x08009996   0x08009996   0x00000010   Data   RO          131    .rodata.str48       protocol.o
    0x080099a6   0x080099a6   0x00000013   Data   RO          132    .rodata.str49       protocol.o
    0x080099b9   0x080099b9   0x00000010   Data   RO           81    .rodata.str5        protocol.o
    0x080099c9   0x080099c9   0x00000013   Data   RO          133    .rodata.str50       protocol.o
    0x080099dc   0x080099dc   0x00000016   Data   RO          134    .rodata.str51       protocol.o
    0x080099f2   0x080099f2   0x00000010   Data   RO          135    .rodata.str52       protocol.o
    0x08009a02   0x08009a02   0x00000013   Data   RO          136    .rodata.str53       protocol.o
    0x08009a15   0x08009a15   0x00000013   Data   RO          137    .rodata.str54       protocol.o
    0x08009a28   0x08009a28   0x00000014   Data   RO          138    .rodata.str55       protocol.o
    0x08009a3c   0x08009a3c   0x00000013   Data   RO          139    .rodata.str56       protocol.o
    0x08009a4f   0x08009a4f   0x0000000e   Data   RO          140    .rodata.str57       protocol.o
    0x08009a5d   0x08009a5d   0x0000000f   Data   RO          141    .rodata.str58       protocol.o
    0x08009a6c   0x08009a6c   0x0000000e   Data   RO          142    .rodata.str59       protocol.o
    0x08009a7a   0x08009a7a   0x00000011   Data   RO           82    .rodata.str6        protocol.o
    0x08009a8b   0x08009a8b   0x0000000f   Data   RO          143    .rodata.str60       protocol.o
    0x08009a9a   0x08009a9a   0x00000010   Data   RO          144    .rodata.str61       protocol.o
    0x08009aaa   0x08009aaa   0x0000000f   Data   RO          145    .rodata.str62       protocol.o
    0x08009ab9   0x08009ab9   0x0000000b   Data   RO          149    .rodata.str66       protocol.o
    0x08009ac4   0x08009ac4   0x0000000b   Data   RO          150    .rodata.str67       protocol.o
    0x08009acf   0x08009acf   0x0000000f   Data   RO          151    .rodata.str68       protocol.o
    0x08009ade   0x08009ade   0x0000000b   Data   RO          152    .rodata.str69       protocol.o
    0x08009ae9   0x08009ae9   0x00000010   Data   RO           83    .rodata.str7        protocol.o
    0x08009af9   0x08009af9   0x0000000b   Data   RO          153    .rodata.str70       protocol.o
    0x08009b04   0x08009b04   0x0000000f   Data   RO          154    .rodata.str71       protocol.o
    0x08009b13   0x08009b13   0x0000000b   Data   RO          156    .rodata.str73       protocol.o
    0x08009b1e   0x08009b1e   0x0000000f   Data   RO          157    .rodata.str74       protocol.o
    0x08009b2d   0x08009b2d   0x0000000b   Data   RO          158    .rodata.str75       protocol.o
    0x08009b38   0x08009b38   0x0000000b   Data   RO          159    .rodata.str76       protocol.o
    0x08009b43   0x08009b43   0x0000000f   Data   RO          160    .rodata.str77       protocol.o
    0x08009b52   0x08009b52   0x0000000c   Data   RO          161    .rodata.str78       protocol.o
    0x08009b5e   0x08009b5e   0x00000010   Data   RO           84    .rodata.str8        protocol.o
    0x08009b6e   0x08009b6e   0x00000011   Data   RO           85    .rodata.str9        protocol.o
    0x08009b7f   0x08009b7f   0x00000018   Data   RO          175    .rodata.strVersion  protocol.o
    0x08009b97   0x08009b97   0x00000001   PAD
    0x08009b98   0x08009b98   0x00000020   Data   RO         1980    Region$$Table       anon$$obj.o
    0x08009bb8   0x08009bb8   0x00000110   Data   RO         1810    locale$$data        c_w.l(lc_ctype_c.o)


    Execution Region RW_IRAM1 (Exec base: 0x20000000, Load base: 0x08009cc8, Size: 0x00001b10, Max: 0x00005000, ABSOLUTE)

    Exec Addr    Load Addr    Size         Type   Attr      Idx    E Section Name        Object

    0x20000000   0x08009cc8   0x00000008   Data   RW          607    .data..L_MergedGlobals  stm32f1xx_hal.o
    0x20000008   0x08009cd0   0x00000004   Data   RW         1570    .data.SystemCoreClock  system_stm32f1xx.o
    0x2000000c   0x08009cd4   0x00000004   Data   RW           27    .data.TimePackPeriod  data_exchange.o
    0x20000010   0x08009cd8   0x0000002c   Data   RW         1687    .data.WIZCHIP       wizchip_conf.o
    0x2000003c   0x08009d04   0x00000017   Data   RW          241    .data.gWIZNETINFO   network.o
    0x20000053   0x08009d1b   0x00000001   PAD
    0x20000054   0x08009d1c   0x00000004   Data   RW           65    .data.keepaliveperiod  protocol.o
    0x20000058   0x08009d20   0x00000002   Data   RW         1605    .data.sock_any_port  socket.o
    0x2000005a   0x08009d22   0x00000006   PAD
    0x20000060        -       0x00000060   Zero   RW         1814    .bss                c_w.l(libspace.o)
    0x200000c0        -       0x00000066   Zero   RW           37    .bss..L_MergedGlobals  data_exchange.o
    0x20000126   0x08009d22   0x00000002   PAD
    0x20000128        -       0x00000070   Zero   RW          186    .bss..L_MergedGlobals  protocol.o
    0x20000198        -       0x00000018   Zero   RW          246    .bss..L_MergedGlobals  network.o
    0x200001b0        -       0x00000008   Zero   RW          309    .bss..L_MergedGlobals  relays.o
    0x200001b8        -       0x00000074   Zero   RW          328    .bss..L_MergedGlobals  sys_conf.o
    0x2000022c        -       0x0000001c   Zero   RW         1606    .bss..L_MergedGlobals  socket.o
    0x20000248        -       0x00000005   Zero   RW         1688    .bss..L_MergedGlobals  wizchip_conf.o
    0x2000024d   0x08009d22   0x00000003   PAD
    0x20000250        -       0x00000054   Zero   RW          187    .bss..L_MergedGlobals.66  protocol.o
    0x200002a4        -       0x00000100   Zero   RW           31    .bss.MainBuf        data_exchange.o
    0x200003a4        -       0x00000400   Zero   RW           32    .bss.MainBuf2       data_exchange.o
    0x200007a4        -       0x00000100   Zero   RW           28    .bss.RxBuf2         data_exchange.o
    0x200008a4        -       0x00000080   Zero   RW          181    .bss.cmd_buffer     protocol.o
    0x20000924        -       0x0000001a   Zero   RW           29    .bss.datarex        data_exchange.o
    0x2000093e   0x08009d22   0x00000002   PAD
    0x20000940        -       0x00000008   Zero   RW          379    .bss.hcrc           crc.o
    0x20000948        -       0x00000044   Zero   RW          419    .bss.hdma_spi1_rx   spi.o
    0x2000098c        -       0x00000044   Zero   RW          420    .bss.hdma_spi1_tx   spi.o
    0x200009d0        -       0x00000044   Zero   RW          454    .bss.hdma_usart1_rx  usart.o
    0x20000a14        -       0x00000044   Zero   RW          455    .bss.hdma_usart1_tx  usart.o
    0x20000a58        -       0x00000044   Zero   RW          456    .bss.hdma_usart2_rx  usart.o
    0x20000a9c        -       0x00000044   Zero   RW          457    .bss.hdma_usart2_tx  usart.o
    0x20000ae0        -       0x00000054   Zero   RW          403    .bss.hi2c1          i2c.o
    0x20000b34        -       0x00000058   Zero   RW          418    .bss.hspi1          spi.o
    0x20000b8c        -       0x00000048   Zero   RW          435    .bss.htim2          tim.o
    0x20000bd4        -       0x00000048   Zero   RW          452    .bss.huart1         usart.o
    0x20000c1c        -       0x00000048   Zero   RW          453    .bss.huart2         usart.o
    0x20000c64   0x08009d22   0x00000004   PAD
    0x20000c68        -       0x00000020   Zero   RW          832    .bss.pFlash         stm32f1xx_hal_flash.o
    0x20000c88        -       0x00000100   Zero   RW          177    .bss.prtmsg         protocol.o
    0x20000d88        -       0x00000080   Zero   RW          180    .bss.recv_buffer    protocol.o
    0x20000e08        -       0x00000100   Zero   RW          179    .bss.rxmsg          protocol.o
    0x20000f08        -       0x00000004   Zero   RW          240    .bss.spi_free       network.o
    0x20000f0c        -       0x00000004   Zero   RW          606    .bss.uwTick         stm32f1xx_hal.o
    0x20000f10        -       0x00000400   Zero   RW            2    HEAP                startup_stm32f103xb.o
    0x20001310        -       0x00000800   Zero   RW            1    STACK               startup_stm32f103xb.o


==============================================================================

Image component sizes


      Code (inc. data)   RO Data    RW Data    ZI Data      Debug   Object Name

        88          0          0          0          8       2035   crc.o
      2110         32         11          4       1664       7321   data_exchange.o
       132          0          0          0          0       1985   dma.o
       124          0          0          0          0       1608   flash.o
       324          0          0          0          0       1621   gpio.o
       170          0          0          0         84       4276   i2c.o
        60          0          0          0          0       2596   leds.o
       256          0          0          0          0       2273   main.o
       960          6          0         23         28       6926   network.o
      7484        414       1802          4        964      13304   protocol.o
      1148          0          0          0          8       7232   relays.o
      1880          0          0          2         28       9762   socket.o
       320          0          0          0        224       5329   spi.o
        64         26        236          0       3072        772   startup_stm32f103xb.o
       188          0          0          8          4       5716   stm32f1xx_hal.o
       274          0          0          0          0       8298   stm32f1xx_hal_cortex.o
       152          0          0          0          0       3209   stm32f1xx_hal_crc.o
      1054          0          0          0          0       7917   stm32f1xx_hal_dma.o
       480          0          0          0         32       5468   stm32f1xx_hal_flash.o
       238          0          0          0          0       7332   stm32f1xx_hal_flash_ex.o
      1030         20          0          0          0       4684   stm32f1xx_hal_gpio.o
       418          0          0          0          0      51621   stm32f1xx_hal_i2c.o
        66          0          0          0          0       1167   stm32f1xx_hal_msp.o
      1436          0         18          0          0       7648   stm32f1xx_hal_rcc.o
      3610          0          0          0          0      24572   stm32f1xx_hal_spi.o
      1126          0          0          0          0      56044   stm32f1xx_hal_tim.o
       130          0          0          0          0      20290   stm32f1xx_hal_tim_ex.o
      4776          0          0          0          0      32287   stm32f1xx_hal_uart.o
       256          0          0          0          0       3363   stm32f1xx_it.o
       312         20          0          0        116       2692   sys_conf.o
         2          0         24          4          0       1572   system_stm32f1xx.o
       186          0          0          0         72       5549   tim.o
        24          0          0          0          0       3739   tim_services.o
       712          0          0          0        416       5701   usart.o
      2280          0          0          0          0       8909   w5500.o
      1174          6          0         44          5      13302   wizchip_conf.o

    ----------------------------------------------------------------------
     35258        524       2127         92       6740     348120   Object Totals
         0          0         32          0          0          0   (incl. Generated)
       214          0          4          3         15          0   (incl. Padding)

    ----------------------------------------------------------------------

      Code (inc. data)   RO Data    RW Data    ZI Data      Debug   Library Member Name

         8          0          0          0          0         68   __main.o
       312          4         17          0          0         92   __printf_flags_wp.o
        14          0          0          0          0         68   __printf_wp.o
         0          0          0          0          0          0   __rtentry.o
        12          0          0          0          0          0   __rtentry2.o
         6          0          0          0          0          0   __rtentry4.o
        52          8          0          0          0          0   __scatter.o
        26          0          0          0          0          0   __scatter_copy.o
        28          0          0          0          0          0   __scatter_zi.o
        28          0          0          0          0         68   _chval.o
        44          0          0          0          0        108   _printf_char.o
        48          6          0          0          0         96   _printf_char_common.o
         6          0          0          0          0          0   _printf_d.o
       120         16          0          0          0         92   _printf_dec.o
       178          0          0          0          0         88   _printf_intcommon.o
        78          0          0          0          0        108   _printf_pad.o
         0          0          0          0          0          0   _printf_percent.o
         4          0          0          0          0          0   _printf_percent_end.o
         6          0          0          0          0          0   _printf_s.o
        82          0          0          0          0         80   _printf_str.o
         6          0          0          0          0          0   _printf_u.o
        10          0          0          0          0         68   _sputc.o
       158          0          0          0          0         92   _strtoul.o
        26          0          0          0          0         80   atoi.o
        18          0          0          0          0         80   exit.o
         6          0          0          0          0        152   heapauxi.o
         0          0          0          0          0          0   indicate_semi.o
        44         10        272          0          0         76   lc_ctype_c.o
         2          0          0          0          0          0   libinit.o
        20          0          0          0          0          0   libinit2.o
         2          0          0          0          0          0   libshutdown.o
         2          0          0          0          0          0   libshutdown2.o
         8          4          0          0         96         68   libspace.o
        40          6          0          0          0         84   noretval__2sprintf.o
        16          4          0          0          0         76   rt_ctype_table.o
         8          4          0          0          0         68   rt_errno_addr_intlibspace.o
         8          4          0          0          0         68   rt_locale_intlibspace.o
        68          0          0          0          0         68   rt_memclr.o
        78          0          0          0          0         80   rt_memclr_w.o
       138          0          0          0          0         68   rt_memcpy_v6.o
       100          0          0          0          0         80   rt_memcpy_w.o
         2          0          0          0          0          0   rtexit.o
        10          0          0          0          0          0   rtexit2.o
        24          0          0          0          0         68   strcat.o
        20          0          0          0          0         68   strchr.o
       128          0          0          0          0         68   strcmpv7m.o
        72          0          0          0          0         80   strcpy.o
        62          0          0          0          0         76   strlen.o
        86          0          0          0          0         76   strncpy.o
        36          0          0          0          0         80   strstr.o
       112          0          0          0          0         88   strtol.o
        12          4          0          0          0         68   sys_exit.o
        74          0          0          0          0         80   sys_stackheap_outer.o
         2          0          0          0          0         68   use_no_semi.o

    ----------------------------------------------------------------------
      2462         70        289          0         96       2896   Library Totals
        12          0          0          0          0          0   (incl. Padding)

    ----------------------------------------------------------------------

      Code (inc. data)   RO Data    RW Data    ZI Data      Debug   Library Name

      2450         70        289          0         96       2896   c_w.l

    ----------------------------------------------------------------------
      2462         70        289          0         96       2896   Library Totals

    ----------------------------------------------------------------------

==============================================================================


      Code (inc. data)   RO Data    RW Data    ZI Data      Debug   

     37720        594       2416         92       6836     348856   Grand Totals
     37720        594       2416         92       6836     348856   ELF Image Totals
     37720        594       2416         92          0          0   ROM Totals

==============================================================================

    Total RO  Size (Code + RO Data)                40136 (  39.20kB)
    Total RW  Size (RW Data + ZI Data)              6928 (   6.77kB)
    Total ROM Size (Code + RO Data + RW Data)      40228 (  39.29kB)

==============================================================================

